Archive member included to satisfy reference by file (symbol)

C:/devkitPro/libctru/lib\libctru.a(console.o)
                              main.o (consoleInit)
C:/devkitPro/libctru/lib\libctru.a(gfx.o)
                              C:/devkitPro/libctru/lib\libctru.a(console.o) (gfxIsWide)
C:/devkitPro/libctru/lib\libctru.a(apt.o)
                              main.o (aptMainLoop)
C:/devkitPro/libctru/lib\libctru.a(gspgpu.o)
                              C:/devkitPro/libctru/lib\libctru.a(gfx.o) (gspInit)
C:/devkitPro/libctru/lib\libctru.a(hid.o)
                              main.o (hidScanInput)
C:/devkitPro/libctru/lib\libctru.a(irrst.o)
                              C:/devkitPro/libctru/lib\libctru.a(hid.o) (irrstInit)
C:/devkitPro/libctru/lib\libctru.a(ctru_init.o)
                              C:/devkitPro/libctru/lib\libctru.a(apt.o) (__system_retAddr)
C:/devkitPro/libctru/lib\libctru.a(initArgv.o)
                              C:/devkitPro/libctru/lib\libctru.a(ctru_init.o) (__system_initArgv)
C:/devkitPro/libctru/lib\libctru.a(syscalls.o)
                              C:/devkitPro/libctru/lib\libctru.a(ctru_init.o) (__system_initSyscalls)
C:/devkitPro/libctru/lib\libctru.a(svc.o)
                              main.o (svcSleepThread)
C:/devkitPro/libctru/lib\libctru.a(stack_adjust.o)
                              C:/devkitPro/devkitARM/bin/../lib/gcc/arm-none-eabi/15.1.0/../../../../arm-none-eabi/lib/armv6k/fpu/3dsx_crt0.o (initSystem)
C:/devkitPro/libctru/lib\libctru.a(default_font.bin.o)
                              C:/devkitPro/libctru/lib\libctru.a(console.o) (default_font_bin)
C:/devkitPro/libctru/lib\libctru.a(linear.o)
                              C:/devkitPro/libctru/lib\libctru.a(gfx.o) (linearAlloc)
C:/devkitPro/libctru/lib\libctru.a(mem_pool.o)
                              C:/devkitPro/libctru/lib\libctru.a(linear.o) (MemPool::Allocate(MemChunk&, unsigned long, int))
C:/devkitPro/libctru/lib\libctru.a(vram.o)
                              C:/devkitPro/libctru/lib\libctru.a(gfx.o) (vramAlloc)
C:/devkitPro/libctru/lib\libctru.a(3dslink.o)
                              C:/devkitPro/libctru/lib\libctru.a(initArgv.o) (__3dslink_host)
C:/devkitPro/libctru/lib\libctru.a(env.o)
                              C:/devkitPro/libctru/lib\libctru.a(irrst.o) (envGetHandle)
C:/devkitPro/libctru/lib\libctru.a(os.o)
                              C:/devkitPro/libctru/lib\libctru.a(syscalls.o) (osGetTime)
C:/devkitPro/libctru/lib\libctru.a(srv.o)
                              C:/devkitPro/libctru/lib\libctru.a(apt.o) (srvInit)
C:/devkitPro/libctru/lib\libctru.a(synchronization.o)
                              C:/devkitPro/libctru/lib\libctru.a(ctru_init.o) (__sync_init)
C:/devkitPro/libctru/lib\libctru.a(thread.o)
                              C:/devkitPro/libctru/lib\libctru.a(apt.o) (threadCreate)
C:/devkitPro/libctru/lib\libctru.a(mappable.o)
                              C:/devkitPro/libctru/lib\libctru.a(apt.o) (mappableAlloc)
C:/devkitPro/libctru/lib\libctru.a(ptmsysm.o)
                              C:/devkitPro/libctru/lib\libctru.a(os.o) (ptmSysmInit)
C:/devkitPro/libctru/lib\libctru.a(srvpm.o)
                              C:/devkitPro/libctru/lib\libctru.a(srv.o) (srvPmGetSessionHandle)
C:/devkitPro/libctru/lib\libctru.a(soc_connect.o)
                              C:/devkitPro/libctru/lib\libctru.a(3dslink.o) (connect)
C:/devkitPro/libctru/lib\libctru.a(soc_socket.o)
                              C:/devkitPro/libctru/lib\libctru.a(3dslink.o) (socket)
C:/devkitPro/libctru/lib\libctru.a(rbtree_find.o)
                              C:/devkitPro/libctru/lib\libctru.a(linear.o) (rbtree_find)
C:/devkitPro/libctru/lib\libctru.a(rbtree_init.o)
                              C:/devkitPro/libctru/lib\libctru.a(linear.o) (rbtree_init)
C:/devkitPro/libctru/lib\libctru.a(rbtree_insert.o)
                              C:/devkitPro/libctru/lib\libctru.a(linear.o) (rbtree_insert)
C:/devkitPro/libctru/lib\libctru.a(rbtree_remove.o)
                              C:/devkitPro/libctru/lib\libctru.a(linear.o) (rbtree_remove)
C:/devkitPro/libctru/lib\libctru.a(rbtree_rotate.o)
                              C:/devkitPro/libctru/lib\libctru.a(rbtree_insert.o) (rbtree_rotate)
C:/devkitPro/libctru/lib\libctru.a(allocateHeaps.o)
                              C:/devkitPro/libctru/lib\libctru.a(ctru_init.o) (__system_allocateHeaps)
C:/devkitPro/libctru/lib\libctru.a(appExit.o)
                              C:/devkitPro/libctru/lib\libctru.a(stack_adjust.o) (__appExit)
C:/devkitPro/libctru/lib\libctru.a(appInit.o)
                              C:/devkitPro/libctru/lib\libctru.a(stack_adjust.o) (__appInit)
C:/devkitPro/libctru/lib\libctru.a(ctru_exit.o)
                              C:/devkitPro/libctru/lib\libctru.a(stack_adjust.o) (__libctru_exit)
C:/devkitPro/libctru/lib\libctru.a(archive_dev.o)
                              C:/devkitPro/libctru/lib\libctru.a(appInit.o) (archiveMountSdmc)
[...]
Memory Configuration

Name             Origin             Length             Attributes
*default*        0x00000000         0xffffffff

Linker script and memory map

                0x00000000                        __sync_synchronize = __sync_synchronize_dmb
                0x00100000                        PROVIDE (__start__ = 0x100000)
                0x00100000                        . = __start__

.text           0x00100000    0x17940
 *(.crt0)
 .crt0          0x00100000       0x94 C:/devkitPro/devkitARM/bin/../lib/gcc/arm-none-eabi/15.1.0/../../../../arm-none-eabi/lib/armv6k/fpu/3dsx_crt0.o
                0x00100000                _start
                0x00100008                __service_ptr
                0x0010000c                __apt_appid
                0x00100010                __heap_size
                0x00100014                __linear_heap_size
                0x00100018                __system_arglist
                0x0010001c                __system_runflags
 *(.init)
 .init          0x00100094        0xc C:/devkitPro/devkitARM/bin/../lib/gcc/arm-none-eabi/15.1.0/armv6k/fpu/crti.o
                0x00100094                _init
 .init          0x001000a0        0xc C:/devkitPro/devkitARM/bin/../lib/gcc/arm-none-eabi/15.1.0/armv6k/fpu/crtn.o
                0x001000ac                        . = ALIGN (0x4)
 *(.text)
 .text          0x001000ac      0x240 C:/devkitPro/devkitARM/bin/../lib/gcc/arm-none-eabi/15.1.0/armv6k/fpu\libgcc.a(_divsi3.o)
                0x001000ac                __divsi3
                0x001000ac                __aeabi_idiv
                0x001002cc                __aeabi_idivmod
 .text          0x001002ec        0x4 C:/devkitPro/devkitARM/bin/../lib/gcc/arm-none-eabi/15.1.0/armv6k/fpu\libgcc.a(_dvmd_tls.o)
                0x001002ec                __aeabi_idiv0
                0x001002ec                __aeabi_ldiv0
 .text          0x001002f0       0x3c C:/devkitPro/devkitARM/bin/../lib/gcc/arm-none-eabi/15.1.0/armv6k/fpu\libgcc.a(_aeabi_uldivmod.o)
                0x001002f0                __aeabi_uldivmod
 *fill*         0x0010032c       0x14 
 .text          0x00100340      0x390 C:/devkitPro/devkitARM/bin/../lib/gcc/arm-none-eabi/15.1.0/../../../../arm-none-eabi/lib/armv6k/fpu\libg.a(libc_a-strcmp.o)
                0x00100348                strcmp
 .text          0x001006d0      0x20c C:/devkitPro/devkitARM/bin/../lib/gcc/arm-none-eabi/15.1.0/armv6k/fpu\libgcc.a(_udivsi3.o)
                0x001006d0                __aeabi_uidiv
                0x001006d0                __udivsi3
                0x001008bc                __aeabi_uidivmod
 *(.text.*)
 .text.__do_global_dtors_aux
                0x001008dc       0x50 C:/devkitPro/devkitARM/bin/../lib/gcc/arm-none-eabi/15.1.0/armv6k/fpu/crtbegin.o
 .text.frame_dummy
                0x0010092c       0x2c C:/devkitPro/devkitARM/bin/../lib/gcc/arm-none-eabi/15.1.0/armv6k/fpu/crtbegin.o
 .text._Z12playBadApplev
                0x00100958       0xb0 main.o
                0x00100958                playBadApple()
 .text.startup.main
                0x00100a08       0xc8 main.o
                0x00100a08                main
 .text.consoleDrawChar
                0x00100ad0      0x1c8 C:/devkitPro/libctru/lib\libctru.a(console.o)
                0x00100ad0                consoleDrawChar
 .text.consolePrintChar
                0x00100c98      0x170 C:/devkitPro/libctru/lib\libctru.a(console.o)
                0x00100c98                consolePrintChar
 .text.con_write
                0x00100e08      0xc40 C:/devkitPro/libctru/lib\libctru.a(console.o)
                0x00100e08                con_write
 .text.newRow   0x00101a48      0x110 C:/devkitPro/libctru/lib\libctru.a(console.o)
 .text.consoleInit
                0x00101b58      0x180 C:/devkitPro/libctru/lib\libctru.a(console.o)
                0x00101b58                consoleInit
 .text.consoleClear
                0x00101cd8       0xb8 C:/devkitPro/libctru/lib\libctru.a(console.o)
                0x00101cd8                consoleClear
 .text.gfxPresentFramebuffer
                0x00101d90       0xcc C:/devkitPro/libctru/lib\libctru.a(gfx.o)
 .text.gfxIsWide
                0x00101e5c       0x1c C:/devkitPro/libctru/lib\libctru.a(gfx.o)
                0x00101e5c                gfxIsWide
 .text.gfxSetScreenFormat
                0x00101e78       0xf8 C:/devkitPro/libctru/lib\libctru.a(gfx.o)
                0x00101e78                gfxSetScreenFormat
 .text.gfxSetDoubleBuffering
                0x00101f70       0x10 C:/devkitPro/libctru/lib\libctru.a(gfx.o)
                0x00101f70                gfxSetDoubleBuffering
 .text.gfxInit  0x00101f80       0xd8 C:/devkitPro/libctru/lib\libctru.a(gfx.o)
                0x00101f80                gfxInit
 .text.gfxInitDefault
                0x00102058       0x10 C:/devkitPro/libctru/lib\libctru.a(gfx.o)
                0x00102058                gfxInitDefault
 .text.gfxExit  0x00102068       0xb8 C:/devkitPro/libctru/lib\libctru.a(gfx.o)
                0x00102068                gfxExit
 .text.gfxGetFramebuffer
                0x00102120       0xa0 C:/devkitPro/libctru/lib\libctru.a(gfx.o)
                0x00102120                gfxGetFramebuffer
 .text.gfxFlushBuffers
                0x001021c0      0x100 C:/devkitPro/libctru/lib\libctru.a(gfx.o)
                0x001021c0                gfxFlushBuffers
 .text.gfxSwapBuffers
                0x001022c0       0x50 C:/devkitPro/libctru/lib\libctru.a(gfx.o)
                0x001022c0                gfxSwapBuffers
 .text.gfxSwapBuffersGpu
                0x00102310       0x50 C:/devkitPro/libctru/lib\libctru.a(gfx.o)
                0x00102310                gfxSwapBuffersGpu
 .text.aptConvertScreenForCapture
                0x00102360      0x180 C:/devkitPro/libctru/lib\libctru.a(apt.o)
 .text.aptDspSleep
                0x001024e0        0x8 C:/devkitPro/libctru/lib\libctru.a(apt.o)
                0x001024e0                aptDspSleep
 .text.aptDspWakeup
                0x001024e8        0x4 C:/devkitPro/libctru/lib\libctru.a(apt.o)
                0x001024e8                aptDspWakeup
 .text.aptDspCancel
                0x001024ec        0x4 C:/devkitPro/libctru/lib\libctru.a(apt.o)
                0x001024ec                aptDspCancel
 .text.aptSendCommand
                0x001024f0      0x138 C:/devkitPro/libctru/lib\libctru.a(apt.o)
                0x001024f0                aptSendCommand
 .text.aptExitProcess
                0x00102628       0x44 C:/devkitPro/libctru/lib\libctru.a(apt.o)
 .text.aptExit  0x0010266c      0x394 C:/devkitPro/libctru/lib\libctru.a(apt.o)
                0x0010266c                aptExit
 .text.aptHandleSleep
                0x00102a00       0xd8 C:/devkitPro/libctru/lib\libctru.a(apt.o)
                0x00102a00                aptHandleSleep
 .text.APT_SleepIfShellClosed
                0x00102ad8       0x84 C:/devkitPro/libctru/lib\libctru.a(apt.o)
                0x00102ad8                APT_SleepIfShellClosed
 .text.aptSetSleepAllowed
                0x00102b5c       0x78 C:/devkitPro/libctru/lib\libctru.a(apt.o)
                0x00102b5c                aptSetSleepAllowed
 .text.APT_UnlockTransition
                0x00102bd4       0x84 C:/devkitPro/libctru/lib\libctru.a(apt.o)
                0x00102bd4                APT_UnlockTransition
 .text.aptEventHandler
                0x00102c58      0x470 C:/devkitPro/libctru/lib\libctru.a(apt.o)
 .text.APT_ReceiveParameter
                0x001030c8       0xbc C:/devkitPro/libctru/lib\libctru.a(apt.o)
                0x001030c8                APT_ReceiveParameter
 .text.aptReceiveParameter.constprop.0
                0x00103184       0xb0 C:/devkitPro/libctru/lib\libctru.a(apt.o)
 *fill*         0x00103234        0x4 
 .text.aptScreenTransfer
                0x00103238      0x294 C:/devkitPro/libctru/lib\libctru.a(apt.o)
 .text.aptWaitForWakeUp.isra.0
                0x001034cc      0x2d0 C:/devkitPro/libctru/lib\libctru.a(apt.o)
 .text.aptJumpToHomeMenu
                0x0010379c       0xf4 C:/devkitPro/libctru/lib\libctru.a(apt.o)
                0x0010379c                aptJumpToHomeMenu
 .text.aptMainLoop
                0x00103890       0x58 C:/devkitPro/libctru/lib\libctru.a(apt.o)
                0x00103890                aptMainLoop
 .text.aptInit  0x001038e8      0x240 C:/devkitPro/libctru/lib\libctru.a(apt.o)
                0x001038e8                aptInit
 .text.APT_CheckNew3DS
                0x00103b28       0x90 C:/devkitPro/libctru/lib\libctru.a(apt.o)
                0x00103b28                APT_CheckNew3DS
 .text.gspHardwareInit
                0x00103bb8      0xc70 C:/devkitPro/libctru/lib\libctru.a(gspgpu.o)
 .text.gspInit  0x00104828      0x280 C:/devkitPro/libctru/lib\libctru.a(gspgpu.o)
                0x00104828                gspInit
 .text.gspExit  0x00104aa8      0x110 C:/devkitPro/libctru/lib\libctru.a(gspgpu.o)
                0x00104aa8                gspExit
 .text.gspHasGpuRight
                0x00104bb8       0x10 C:/devkitPro/libctru/lib\libctru.a(gspgpu.o)
                0x00104bb8                gspHasGpuRight
 .text.gspPresentBuffer
                0x00104bc8       0xa4 C:/devkitPro/libctru/lib\libctru.a(gspgpu.o)
                0x00104bc8                gspPresentBuffer
 .text.gspWaitForEvent
                0x00104c6c       0x50 C:/devkitPro/libctru/lib\libctru.a(gspgpu.o)
                0x00104c6c                gspWaitForEvent
 .text.gxCmdQueueInterrupt
                0x00104cbc        0x4 C:/devkitPro/libctru/lib\libctru.a(gspgpu.o)
                0x00104cbc                gxCmdQueueInterrupt
 .text.gspEventThreadMain
                0x00104cc0      0x154 C:/devkitPro/libctru/lib\libctru.a(gspgpu.o)
 .text.GSPGPU_FlushDataCache
                0x00104e14       0x50 C:/devkitPro/libctru/lib\libctru.a(gspgpu.o)
                0x00104e14                GSPGPU_FlushDataCache
 .text.GSPGPU_SetLcdForceBlack
                0x00104e64       0x34 C:/devkitPro/libctru/lib\libctru.a(gspgpu.o)
                0x00104e64                GSPGPU_SetLcdForceBlack
 .text.GSPGPU_AcquireRight
                0x00104e98       0x80 C:/devkitPro/libctru/lib\libctru.a(gspgpu.o)
                0x00104e98                GSPGPU_AcquireRight
 .text.GSPGPU_ReleaseRight
                0x00104f18       0x5c C:/devkitPro/libctru/lib\libctru.a(gspgpu.o)
                0x00104f18                GSPGPU_ReleaseRight
 .text.GSPGPU_ImportDisplayCaptureInfo
                0x00104f74       0x7c C:/devkitPro/libctru/lib\libctru.a(gspgpu.o)
                0x00104f74                GSPGPU_ImportDisplayCaptureInfo
 .text.GSPGPU_SaveVramSysArea
                0x00104ff0       0x2c C:/devkitPro/libctru/lib\libctru.a(gspgpu.o)
                0x00104ff0                GSPGPU_SaveVramSysArea
 .text.GSPGPU_RestoreVramSysArea
                0x0010501c       0x2c C:/devkitPro/libctru/lib\libctru.a(gspgpu.o)
                0x0010501c                GSPGPU_RestoreVramSysArea
 .text.hidShouldUseIrrst
                0x00105048       0x24 C:/devkitPro/libctru/lib\libctru.a(hid.o)
                0x00105048                hidShouldUseIrrst
 .text.hidInit  0x0010506c      0x1cc C:/devkitPro/libctru/lib\libctru.a(hid.o)
                0x0010506c                hidInit
 .text.hidExit  0x00105238       0xe8 C:/devkitPro/libctru/lib\libctru.a(hid.o)
                0x00105238                hidExit
 .text.hidScanInput
                0x00105320      0x2a0 C:/devkitPro/libctru/lib\libctru.a(hid.o)
                0x00105320                hidScanInput
 .text.hidKeysDown
                0x001055c0       0x10 C:/devkitPro/libctru/lib\libctru.a(hid.o)
                0x001055c0                hidKeysDown
 .text.irrstInit
                0x001055d0      0x1a4 C:/devkitPro/libctru/lib\libctru.a(irrst.o)
                0x001055d0                irrstInit
 .text.irrstExit
                0x00105774       0xdc C:/devkitPro/libctru/lib\libctru.a(irrst.o)
                0x00105774                irrstExit
 .text.irrstScanInput
                0x00105850       0xb4 C:/devkitPro/libctru/lib\libctru.a(irrst.o)
                0x00105850                irrstScanInput
 .text.irrstKeysHeld
                0x00105904       0x24 C:/devkitPro/libctru/lib\libctru.a(irrst.o)
                0x00105904                irrstKeysHeld
 .text.__libctru_init
                0x00105928       0x38 C:/devkitPro/libctru/lib\libctru.a(ctru_init.o)
                0x00105928                __libctru_init
 .text.__system_initArgv
                0x00105960      0x16c C:/devkitPro/libctru/lib\libctru.a(initArgv.o)
                0x00105960                __system_initArgv
 .text.__syscall_getreent
                0x00105acc       0x30 C:/devkitPro/libctru/lib\libctru.a(syscalls.o)
                0x00105acc                __syscall_getreent
 .text.__syscall_lock_acquire
                0x00105afc        0x4 C:/devkitPro/libctru/lib\libctru.a(syscalls.o)
                0x00105afc                __syscall_lock_acquire
 .text.__syscall_lock_release
                0x00105b00        0x4 C:/devkitPro/libctru/lib\libctru.a(syscalls.o)
                0x00105b00                __syscall_lock_release
 .text.__syscall_lock_acquire_recursive
                0x00105b04        0x4 C:/devkitPro/libctru/lib\libctru.a(syscalls.o)
                0x00105b04                __syscall_lock_acquire_recursive
 .text.__syscall_lock_release_recursive
                0x00105b08        0x4 C:/devkitPro/libctru/lib\libctru.a(syscalls.o)
                0x00105b08                __syscall_lock_release_recursive
 .text.__syscall_exit
                0x00105b0c        0x4 C:/devkitPro/libctru/lib\libctru.a(syscalls.o)
                0x00105b0c                __syscall_exit
 .text.initThreadVars
                0x00105b10       0x54 C:/devkitPro/libctru/lib\libctru.a(syscalls.o)
                0x00105b10                initThreadVars
 .text.__system_initSyscalls
                0x00105b64       0x80 C:/devkitPro/libctru/lib\libctru.a(syscalls.o)
                0x00105b64                __system_initSyscalls
 .text.svcControlMemory
                0x00105be4       0x20 C:/devkitPro/libctru/lib\libctru.a(svc.o)
                0x00105be4                svcControlMemory
 .text.svcQueryMemory
                0x00105c04       0x30 C:/devkitPro/libctru/lib\libctru.a(svc.o)
                0x00105c04                svcQueryMemory
 .text.svcExitProcess
                0x00105c34        0x8 C:/devkitPro/libctru/lib\libctru.a(svc.o)
                0x00105c34                svcExitProcess
 .text.svcCreateThread
                0x00105c3c       0x20 C:/devkitPro/libctru/lib\libctru.a(svc.o)
                0x00105c3c                svcCreateThread
 .text.svcExitThread
                0x00105c5c        0x8 C:/devkitPro/libctru/lib\libctru.a(svc.o)
                0x00105c5c                svcExitThread
 .text.svcSleepThread
                0x00105c64        0x8 C:/devkitPro/libctru/lib\libctru.a(svc.o)
                0x00105c64                svcSleepThread
 .text.svcReleaseMutex
                0x00105c6c        0x8 C:/devkitPro/libctru/lib\libctru.a(svc.o)
                0x00105c6c                svcReleaseMutex
 .text.svcCreateEvent
                0x00105c74       0x14 C:/devkitPro/libctru/lib\libctru.a(svc.o)
                0x00105c74                svcCreateEvent
 .text.svcSignalEvent
                0x00105c88        0x8 C:/devkitPro/libctru/lib\libctru.a(svc.o)
                0x00105c88                svcSignalEvent
 .text.svcClearEvent
                0x00105c90        0x8 C:/devkitPro/libctru/lib\libctru.a(svc.o)
                0x00105c90                svcClearEvent
 .text.svcMapMemoryBlock
                0x00105c98        0x8 C:/devkitPro/libctru/lib\libctru.a(svc.o)
                0x00105c98                svcMapMemoryBlock
 .text.svcUnmapMemoryBlock
                0x00105ca0        0x8 C:/devkitPro/libctru/lib\libctru.a(svc.o)
                0x00105ca0                svcUnmapMemoryBlock
 .text.svcCreateAddressArbiter
                0x00105ca8       0x14 C:/devkitPro/libctru/lib\libctru.a(svc.o)
                0x00105ca8                svcCreateAddressArbiter
 .text.svcArbitrateAddressNoTimeout
                0x00105cbc        0x8 C:/devkitPro/libctru/lib\libctru.a(svc.o)
                0x00105cbc                svcArbitrateAddressNoTimeout
 .text.svcCloseHandle
                0x00105cc4        0x8 C:/devkitPro/libctru/lib\libctru.a(svc.o)
                0x00105cc4                svcCloseHandle
 .text.svcWaitSynchronization
                0x00105ccc        0x8 C:/devkitPro/libctru/lib\libctru.a(svc.o)
                0x00105ccc                svcWaitSynchronization
 .text.svcWaitSynchronizationN
                0x00105cd4       0x28 C:/devkitPro/libctru/lib\libctru.a(svc.o)
                0x00105cd4                svcWaitSynchronizationN
 .text.svcDuplicateHandle
                0x00105cfc       0x14 C:/devkitPro/libctru/lib\libctru.a(svc.o)
                0x00105cfc                svcDuplicateHandle
 .text.svcConnectToPort
                0x00105d10       0x14 C:/devkitPro/libctru/lib\libctru.a(svc.o)
                0x00105d10                svcConnectToPort
 .text.svcSendSyncRequest
                0x00105d24        0x8 C:/devkitPro/libctru/lib\libctru.a(svc.o)
                0x00105d24                svcSendSyncRequest
 .text.svcGetResourceLimit
                0x00105d2c       0x14 C:/devkitPro/libctru/lib\libctru.a(svc.o)
                0x00105d2c                svcGetResourceLimit
 .text.svcGetResourceLimitLimitValues
                0x00105d40        0x8 C:/devkitPro/libctru/lib\libctru.a(svc.o)
                0x00105d40                svcGetResourceLimitLimitValues
 .text.svcGetResourceLimitCurrentValues
                0x00105d48        0x8 C:/devkitPro/libctru/lib\libctru.a(svc.o)
                0x00105d48                svcGetResourceLimitCurrentValues
 .text.svcBreak
                0x00105d50        0x8 C:/devkitPro/libctru/lib\libctru.a(svc.o)
                0x00105d50                svcBreak
 .text.initSystem
                0x00105d58       0x50 C:/devkitPro/libctru/lib\libctru.a(stack_adjust.o)
                0x00105d58                initSystem
 .text.__ctru_exit
                0x00105da8       0x14 C:/devkitPro/libctru/lib\libctru.a(stack_adjust.o)
                0x00105da8                __ctru_exit
 .text._ZL21addrMapNodeComparatorPK11rbtree_nodeS1_
                0x00105dbc       0x24 C:/devkitPro/libctru/lib\libctru.a(linear.o)
 .text._ZL21addrMapNodeDestructorP11rbtree_node
                0x00105de0        0x4 C:/devkitPro/libctru/lib\libctru.a(linear.o)
 .text.linearMemAlign
                0x00105de4      0x12c C:/devkitPro/libctru/lib\libctru.a(linear.o)
                0x00105de4                linearMemAlign
 .text.linearAlloc
                0x00105f10        0x8 C:/devkitPro/libctru/lib\libctru.a(linear.o)
                0x00105f10                linearAlloc
 .text.linearFree
                0x00105f18       0x5c C:/devkitPro/libctru/lib\libctru.a(linear.o)
                0x00105f18                linearFree
 .text._ZN7MemPool13CoalesceRightEP8MemBlock
                0x00105f74       0x88 C:/devkitPro/libctru/lib\libctru.a(mem_pool.o)
                0x00105f74                MemPool::CoalesceRight(MemBlock*)
 .text._ZN7MemPool8AllocateER8MemChunkmi
                0x00105ffc      0x178 C:/devkitPro/libctru/lib\libctru.a(mem_pool.o)
                0x00105ffc                MemPool::Allocate(MemChunk&, unsigned long, int)
 .text._ZN7MemPool10DeallocateERK8MemChunk
                0x00106174      0x118 C:/devkitPro/libctru/lib\libctru.a(mem_pool.o)
                0x00106174                MemPool::Deallocate(MemChunk const&)
 .text._ZN7MemPool12GetFreeSpaceEv
                0x0010628c       0x30 C:/devkitPro/libctru/lib\libctru.a(mem_pool.o)
                0x0010628c                MemPool::GetFreeSpace()
 .text._ZL21addrMapNodeComparatorPK11rbtree_nodeS1_
                0x001062bc       0x24 C:/devkitPro/libctru/lib\libctru.a(vram.o)
 .text._ZL21addrMapNodeDestructorP11rbtree_node
                0x001062e0        0x4 C:/devkitPro/libctru/lib\libctru.a(vram.o)
 .text.vramMemAlignAt
                0x001062e4      0x248 C:/devkitPro/libctru/lib\libctru.a(vram.o)
                0x001062e4                vramMemAlignAt
 .text.vramAlloc
                0x0010652c        0xc C:/devkitPro/libctru/lib\libctru.a(vram.o)
                0x0010652c                vramAlloc
 .text.vramFree
                0x00106538       0x94 C:/devkitPro/libctru/lib\libctru.a(vram.o)
                0x00106538                vramFree
 .text.envGetHandle
                0x001065cc       0x8c C:/devkitPro/libctru/lib\libctru.a(env.o)
                0x001065cc                envGetHandle
 .text.envDestroyHandles
                0x00106658       0x50 C:/devkitPro/libctru/lib\libctru.a(env.o)
                0x00106658                envDestroyHandles
 .text.__ctru_speedup_config
                0x001066a8       0x34 C:/devkitPro/libctru/lib\libctru.a(os.o)
                0x001066a8                __ctru_speedup_config
 .text.srvInit  0x001066dc      0x164 C:/devkitPro/libctru/lib\libctru.a(srv.o)
                0x001066dc                srvInit
 .text.srvExit  0x00106840       0x64 C:/devkitPro/libctru/lib\libctru.a(srv.o)
                0x00106840                srvExit
 .text.srvEnableNotification
                0x001068a4       0x60 C:/devkitPro/libctru/lib\libctru.a(srv.o)
                0x001068a4                srvEnableNotification
 .text.srvGetServiceHandleDirect
                0x00106904       0xa0 C:/devkitPro/libctru/lib\libctru.a(srv.o)
                0x00106904                srvGetServiceHandleDirect
 .text.srvGetServiceHandle
                0x001069a4       0x48 C:/devkitPro/libctru/lib\libctru.a(srv.o)
                0x001069a4                srvGetServiceHandle
 .text.srvSubscribe
                0x001069ec       0x34 C:/devkitPro/libctru/lib\libctru.a(srv.o)
                0x001069ec                srvSubscribe
 .text.srvReceiveNotification
                0x00106a20       0x60 C:/devkitPro/libctru/lib\libctru.a(srv.o)
                0x00106a20                srvReceiveNotification
 .text.srvPublishToSubscriber
                0x00106a80       0x38 C:/devkitPro/libctru/lib\libctru.a(srv.o)
                0x00106a80                srvPublishToSubscriber
 .text.__sync_init
                0x00106ab8        0xc C:/devkitPro/libctru/lib\libctru.a(synchronization.o)
                0x00106ab8                __sync_init
 .text.__sync_fini
                0x00106ac4       0x18 C:/devkitPro/libctru/lib\libctru.a(synchronization.o)
                0x00106ac4                __sync_fini
 .text.syncArbitrateAddress
                0x00106adc       0x28 C:/devkitPro/libctru/lib\libctru.a(synchronization.o)
                0x00106adc                syncArbitrateAddress
 .text.LightLock_Lock
                0x00106b04       0xac C:/devkitPro/libctru/lib\libctru.a(synchronization.o)
                0x00106b04                LightLock_Lock
 .text.LightLock_Unlock
                0x00106bb0       0x40 C:/devkitPro/libctru/lib\libctru.a(synchronization.o)
                0x00106bb0                LightLock_Unlock
 .text.RecursiveLock_Lock
                0x00106bf0       0x54 C:/devkitPro/libctru/lib\libctru.a(synchronization.o)
                0x00106bf0                RecursiveLock_Lock
 .text.RecursiveLock_Unlock
                0x00106c44       0x54 C:/devkitPro/libctru/lib\libctru.a(synchronization.o)
                0x00106c44                RecursiveLock_Unlock
 .text.LightEvent_Init
                0x00106c98       0x44 C:/devkitPro/libctru/lib\libctru.a(synchronization.o)
                0x00106c98                LightEvent_Init
 .text.LightEvent_Clear
                0x00106cdc       0xb8 C:/devkitPro/libctru/lib\libctru.a(synchronization.o)
                0x00106cdc                LightEvent_Clear
 .text.LightEvent_Signal
                0x00106d94       0xdc C:/devkitPro/libctru/lib\libctru.a(synchronization.o)
                0x00106d94                LightEvent_Signal
 .text.LightEvent_TryWait
                0x00106e70       0x50 C:/devkitPro/libctru/lib\libctru.a(synchronization.o)
                0x00106e70                LightEvent_TryWait
 .text.LightEvent_Wait
                0x00106ec0       0xac C:/devkitPro/libctru/lib\libctru.a(synchronization.o)
                0x00106ec0                LightEvent_Wait
 .text.threadCreate
                0x00106f6c      0x1fc C:/devkitPro/libctru/lib\libctru.a(thread.o)
                0x00106f6c                threadCreate
 .text.threadFree
                0x00107168       0x38 C:/devkitPro/libctru/lib\libctru.a(thread.o)
                0x00107168                threadFree
 .text.threadJoin
                0x001071a0       0x24 C:/devkitPro/libctru/lib\libctru.a(thread.o)
                0x001071a0                threadJoin
 .text.threadGetCurrent
                0x001071c4       0x30 C:/devkitPro/libctru/lib\libctru.a(thread.o)
                0x001071c4                threadGetCurrent
 .text.threadExit
                0x001071f4       0x40 C:/devkitPro/libctru/lib\libctru.a(thread.o)
                0x001071f4                threadExit
 .text._thread_begin
                0x00107234       0x20 C:/devkitPro/libctru/lib\libctru.a(thread.o)
 .text.mappableFindAddressWithin
                0x00107254       0x90 C:/devkitPro/libctru/lib\libctru.a(mappable.o)
 .text.mappableInit
                0x001072e4       0x28 C:/devkitPro/libctru/lib\libctru.a(mappable.o)
                0x001072e4                mappableInit
 .text.mappableAlloc
                0x0010730c       0x7c C:/devkitPro/libctru/lib\libctru.a(mappable.o)
                0x0010730c                mappableAlloc
 .text.mappableFree
                0x00107388        0x4 C:/devkitPro/libctru/lib\libctru.a(mappable.o)
                0x00107388                mappableFree
 .text.ptmSysmInit
                0x0010738c       0x78 C:/devkitPro/libctru/lib\libctru.a(ptmsysm.o)
                0x0010738c                ptmSysmInit
 .text.ptmSysmExit
                0x00107404       0x3c C:/devkitPro/libctru/lib\libctru.a(ptmsysm.o)
                0x00107404                ptmSysmExit
 .text.PTMSYSM_ConfigureNew3DSCPU
                0x00107440       0x34 C:/devkitPro/libctru/lib\libctru.a(ptmsysm.o)
                0x00107440                PTMSYSM_ConfigureNew3DSCPU
 .text.srvPmGetSessionHandle
                0x00107474        0xc C:/devkitPro/libctru/lib\libctru.a(srvpm.o)
                0x00107474                srvPmGetSessionHandle
 .text.rbtree_find
                0x00107480       0x74 C:/devkitPro/libctru/lib\libctru.a(rbtree_find.o)
                0x00107480                rbtree_find
 .text.rbtree_init
                0x001074f4       0x10 C:/devkitPro/libctru/lib\libctru.a(rbtree_init.o)
                0x001074f4                rbtree_init
 .text.do_insert
                0x00107504      0x198 C:/devkitPro/libctru/lib\libctru.a(rbtree_insert.o)
 .text.rbtree_insert
                0x0010769c        0x8 C:/devkitPro/libctru/lib\libctru.a(rbtree_insert.o)
                0x0010769c                rbtree_insert
 .text.rbtree_remove
                0x001076a4      0x310 C:/devkitPro/libctru/lib\libctru.a(rbtree_remove.o)
                0x001076a4                rbtree_remove
 .text.rbtree_rotate
                0x001079b4       0x90 C:/devkitPro/libctru/lib\libctru.a(rbtree_rotate.o)
                0x001079b4                rbtree_rotate
 *fill*         0x00107a44        0x4 
 .text.__system_allocateHeaps
                0x00107a48      0x1e8 C:/devkitPro/libctru/lib\libctru.a(allocateHeaps.o)
                0x00107a48                __system_allocateHeaps
 .text.__appExit
                0x00107c30       0x30 C:/devkitPro/libctru/lib\libctru.a(appExit.o)
                0x00107c30                __appExit
 .text.__appInit
                0x00107c60       0x30 C:/devkitPro/libctru/lib\libctru.a(appInit.o)
                0x00107c60                __appInit
 .text.__libctru_exit
                0x00107c90       0x90 C:/devkitPro/libctru/lib\libctru.a(ctru_exit.o)
                0x00107c90                __libctru_exit
 .text.archive_link
                0x00107d20       0x14 C:/devkitPro/libctru/lib\libctru.a(archive_dev.o)
 .text.archive_dirreset
                0x00107d34       0x14 C:/devkitPro/libctru/lib\libctru.a(archive_dev.o)
 .text.archive_chmod
                0x00107d48       0x14 C:/devkitPro/libctru/lib\libctru.a(archive_dev.o)
 .text.error_cmp
                0x00107d5c       0x24 C:/devkitPro/libctru/lib\libctru.a(archive_dev.o)
 .text.archive_translate_error
                0x00107d80       0x50 C:/devkitPro/libctru/lib\libctru.a(archive_dev.o)
 .text.archive_seek
                0x00107dd0       0xc0 C:/devkitPro/libctru/lib\libctru.a(archive_dev.o)
 .text._archiveInit.part.0
                0x00107e90       0x78 C:/devkitPro/libctru/lib\libctru.a(archive_dev.o)
 .text.archiveFindDevice.part.0
                0x00107f08       0xd4 C:/devkitPro/libctru/lib\libctru.a(archive_dev.o)
 .text.archive_utf16path
                0x00107fdc      0x298 C:/devkitPro/libctru/lib\libctru.a(archive_dev.o)
 .text._archiveUnmountDeviceStruct.part.0
                0x00108274       0x98 C:/devkitPro/libctru/lib\libctru.a(archive_dev.o)
 .text.archive_statvfs
                0x0010830c       0x14 C:/devkitPro/libctru/lib\libctru.a(archive_dev.o)
 .text.archive_fchmod
                0x00108320       0x14 C:/devkitPro/libctru/lib\libctru.a(archive_dev.o)
 .text._archiveMountDevice
                0x00108334      0x178 C:/devkitPro/libctru/lib\libctru.a(archive_dev.o)
 .text.archive_diropen
                0x001084ac       0xf8 C:/devkitPro/libctru/lib\libctru.a(archive_dev.o)
 .text.archive_fstat
                0x001085a4       0xac C:/devkitPro/libctru/lib\libctru.a(archive_dev.o)
 .text.archive_fsync
                0x00108650       0x74 C:/devkitPro/libctru/lib\libctru.a(archive_dev.o)
 .text.archive_close
                0x001086c4       0x74 C:/devkitPro/libctru/lib\libctru.a(archive_dev.o)
 .text.archive_dirclose
                0x00108738       0x78 C:/devkitPro/libctru/lib\libctru.a(archive_dev.o)
 .text.sdmc_statvfs
                0x001087b0       0xec C:/devkitPro/libctru/lib\libctru.a(archive_dev.o)
 .text.archive_chdir
                0x0010889c       0xf8 C:/devkitPro/libctru/lib\libctru.a(archive_dev.o)
 .text.archive_ftruncate
                0x00108994       0x8c C:/devkitPro/libctru/lib\libctru.a(archive_dev.o)
 .text.archive_read
                0x00108a20       0xbc C:/devkitPro/libctru/lib\libctru.a(archive_dev.o)
 .text.archive_unlink
                0x00108adc       0xa8 C:/devkitPro/libctru/lib\libctru.a(archive_dev.o)
 .text.archive_rmdir
                0x00108b84       0xc0 C:/devkitPro/libctru/lib\libctru.a(archive_dev.o)
 .text.archive_mkdir
                0x00108c44       0xd8 C:/devkitPro/libctru/lib\libctru.a(archive_dev.o)
 .text.archive_stat
                0x00108d1c      0x1a0 C:/devkitPro/libctru/lib\libctru.a(archive_dev.o)
 .text.archive_dirnext
                0x00108ebc      0x164 C:/devkitPro/libctru/lib\libctru.a(archive_dev.o)
 .text.archive_write
                0x00109020      0x13c C:/devkitPro/libctru/lib\libctru.a(archive_dev.o)
 *fill*         0x0010915c        0x4 
 .text.archive_open
                0x00109160      0x254 C:/devkitPro/libctru/lib\libctru.a(archive_dev.o)
 .text.archive_rename
                0x001093b4      0x270 C:/devkitPro/libctru/lib\libctru.a(archive_dev.o)
 .text.archiveMountSdmc
                0x00109624      0x1c8 C:/devkitPro/libctru/lib\libctru.a(archive_dev.o)
                0x00109624                archiveMountSdmc
 .text.archiveUnmountAll
                0x001097ec       0x54 C:/devkitPro/libctru/lib\libctru.a(archive_dev.o)
                0x001097ec                archiveUnmountAll
 .text.fsInit   0x00109840      0x104 C:/devkitPro/libctru/lib\libctru.a(fs.o)
                0x00109840                fsInit
 .text.fsExit   0x00109944       0x3c C:/devkitPro/libctru/lib\libctru.a(fs.o)
                0x00109944                fsExit
 .text.fsExemptFromSession
                0x00109980       0x68 C:/devkitPro/libctru/lib\libctru.a(fs.o)
                0x00109980                fsExemptFromSession
 .text.fsUnexemptFromSession
                0x001099e8       0x50 C:/devkitPro/libctru/lib\libctru.a(fs.o)
                0x001099e8                fsUnexemptFromSession
 .text.FSUSER_OpenFile
                0x00109a38       0xcc C:/devkitPro/libctru/lib\libctru.a(fs.o)
                0x00109a38                FSUSER_OpenFile
 .text.FSUSER_DeleteFile
                0x00109b04       0xb8 C:/devkitPro/libctru/lib\libctru.a(fs.o)
                0x00109b04                FSUSER_DeleteFile
 .text.FSUSER_RenameFile
                0x00109bbc       0xf4 C:/devkitPro/libctru/lib\libctru.a(fs.o)
                0x00109bbc                FSUSER_RenameFile
 .text.FSUSER_DeleteDirectory
                0x00109cb0       0xb8 C:/devkitPro/libctru/lib\libctru.a(fs.o)
                0x00109cb0                FSUSER_DeleteDirectory
 .text.FSUSER_CreateFile
                0x00109d68       0xd0 C:/devkitPro/libctru/lib\libctru.a(fs.o)
                0x00109d68                FSUSER_CreateFile
 .text.FSUSER_CreateDirectory
                0x00109e38       0xc0 C:/devkitPro/libctru/lib\libctru.a(fs.o)
                0x00109e38                FSUSER_CreateDirectory
 .text.FSUSER_RenameDirectory
                0x00109ef8       0xf4 C:/devkitPro/libctru/lib\libctru.a(fs.o)
                0x00109ef8                FSUSER_RenameDirectory
 .text.FSUSER_OpenDirectory
                0x00109fec       0xb4 C:/devkitPro/libctru/lib\libctru.a(fs.o)
                0x00109fec                FSUSER_OpenDirectory
 .text.FSUSER_OpenArchive
                0x0010a0a0       0x90 C:/devkitPro/libctru/lib\libctru.a(fs.o)
                0x0010a0a0                FSUSER_OpenArchive
 .text.FSUSER_CloseArchive
                0x0010a130       0x8c C:/devkitPro/libctru/lib\libctru.a(fs.o)
                0x0010a130                FSUSER_CloseArchive
 .text.FSUSER_GetSdmcArchiveResource
                0x0010a1bc       0x74 C:/devkitPro/libctru/lib\libctru.a(fs.o)
                0x0010a1bc                FSUSER_GetSdmcArchiveResource
 .text.FSUSER_IsSdmcWritable
                0x0010a230       0x64 C:/devkitPro/libctru/lib\libctru.a(fs.o)
                0x0010a230                FSUSER_IsSdmcWritable
 .text.FSFILE_Read
                0x0010a294       0x64 C:/devkitPro/libctru/lib\libctru.a(fs.o)
                0x0010a294                FSFILE_Read
 .text.FSFILE_Write
                0x0010a2f8       0x6c C:/devkitPro/libctru/lib\libctru.a(fs.o)
                0x0010a2f8                FSFILE_Write
 .text.FSFILE_GetSize
                0x0010a364       0x44 C:/devkitPro/libctru/lib\libctru.a(fs.o)
                0x0010a364                FSFILE_GetSize
 .text.FSFILE_SetSize
                0x0010a3a8       0x28 C:/devkitPro/libctru/lib\libctru.a(fs.o)
                0x0010a3a8                FSFILE_SetSize
 .text.FSFILE_Close
                0x0010a3d0       0x3c C:/devkitPro/libctru/lib\libctru.a(fs.o)
                0x0010a3d0                FSFILE_Close
 .text.FSFILE_Flush
                0x0010a40c       0x24 C:/devkitPro/libctru/lib\libctru.a(fs.o)
                0x0010a40c                FSFILE_Flush
 .text.FSDIR_Read
                0x0010a430       0x60 C:/devkitPro/libctru/lib\libctru.a(fs.o)
                0x0010a430                FSDIR_Read
 .text.FSDIR_Close
                0x0010a490       0x3c C:/devkitPro/libctru/lib\libctru.a(fs.o)
                0x0010a490                FSDIR_Close
 .text.rbtree_node_next
                0x0010a4cc       0x60 C:/devkitPro/libctru/lib\libctru.a(rbtree_iterator.o)
                0x0010a4cc                rbtree_node_next
 .text.decode_utf8
                0x0010a52c      0x140 C:/devkitPro/libctru/lib\libctru.a(decode_utf8.o)
                0x0010a52c                decode_utf8
 .text.utf16_to_utf8
                0x0010a66c       0xe8 C:/devkitPro/libctru/lib\libctru.a(utf16_to_utf8.o)
                0x0010a66c                utf16_to_utf8
 .text.utf8_to_utf16
                0x0010a754       0xc0 C:/devkitPro/libctru/lib\libctru.a(utf8_to_utf16.o)
                0x0010a754                utf8_to_utf16
 .text.__aeabi_read_tp
                0x0010a814        0xc C:/devkitPro/libctru/lib\libctru.a(readtp.o)
                0x0010a814                __aeabi_read_tp
 .text.decode_utf16
                0x0010a820       0x54 C:/devkitPro/libctru/lib\libctru.a(decode_utf16.o)
                0x0010a820                decode_utf16
 .text.encode_utf16
                0x0010a874       0x54 C:/devkitPro/libctru/lib\libctru.a(encode_utf16.o)
                0x0010a874                encode_utf16
 .text.encode_utf8
                0x0010a8c8       0xe0 C:/devkitPro/libctru/lib\libctru.a(encode_utf8.o)
                0x0010a8c8                encode_utf8
 .text.__udivmoddi4
                0x0010a9a8      0x130 C:/devkitPro/devkitARM/bin/../lib/gcc/arm-none-eabi/15.1.0/armv6k/fpu\libgcc.a(_udivmoddi4.o)
                0x0010a9a8                __udivmoddi4
 .text.strncmp  0x0010aad8       0xd8 C:/devkitPro/devkitARM/bin/../lib/gcc/arm-none-eabi/15.1.0/../../../../arm-none-eabi/lib/armv6k/fpu\libg.a(libc_a-strncmp.o)
                0x0010aad8                strncmp
 .text.strlen   0x0010abb0       0x8c C:/devkitPro/devkitARM/bin/../lib/gcc/arm-none-eabi/15.1.0/../../../../arm-none-eabi/lib/armv6k/fpu\libg.a(libc_a-strlen.o)
                0x0010abb0                strlen
 .text.stdio_exit_handler
                0x0010ac3c       0x1c C:/devkitPro/devkitARM/bin/../lib/gcc/arm-none-eabi/15.1.0/../../../../arm-none-eabi/lib/armv6k/fpu\libg.a(libc_a-findfp.o)
 .text.cleanup_stdio
                0x0010ac58       0x5c C:/devkitPro/devkitARM/bin/../lib/gcc/arm-none-eabi/15.1.0/../../../../arm-none-eabi/lib/armv6k/fpu\libg.a(libc_a-findfp.o)
 .text.global_stdio_init.part.0
                0x0010acb4      0x154 C:/devkitPro/devkitARM/bin/../lib/gcc/arm-none-eabi/15.1.0/../../../../arm-none-eabi/lib/armv6k/fpu\libg.a(libc_a-findfp.o)
 .text.__sinit  0x0010ae08       0x5c C:/devkitPro/devkitARM/bin/../lib/gcc/arm-none-eabi/15.1.0/../../../../arm-none-eabi/lib/armv6k/fpu\libg.a(libc_a-findfp.o)
                0x0010ae08                __sinit
 .text.__sfp_lock_acquire
                0x0010ae64        0xc C:/devkitPro/devkitARM/bin/../lib/gcc/arm-none-eabi/15.1.0/../../../../arm-none-eabi/lib/armv6k/fpu\libg.a(libc_a-findfp.o)
                0x0010ae64                __sfp_lock_acquire
 .text.__sfp_lock_release
                0x0010ae70        0xc C:/devkitPro/devkitARM/bin/../lib/gcc/arm-none-eabi/15.1.0/../../../../arm-none-eabi/lib/armv6k/fpu\libg.a(libc_a-findfp.o)
                0x0010ae70                __sfp_lock_release
 .text._strtoul_l.isra.0
                0x0010ae7c      0x1ec C:/devkitPro/devkitARM/bin/../lib/gcc/arm-none-eabi/15.1.0/../../../../arm-none-eabi/lib/armv6k/fpu\libg.a(libc_a-strtoul.o)
 .text.strtoul  0x0010b068       0x3c C:/devkitPro/devkitARM/bin/../lib/gcc/arm-none-eabi/15.1.0/../../../../arm-none-eabi/lib/armv6k/fpu\libg.a(libc_a-strtoul.o)
                0x0010b068                strtoul
 .text.__libc_init_array
                0x0010b0a4       0x84 C:/devkitPro/devkitARM/bin/../lib/gcc/arm-none-eabi/15.1.0/../../../../arm-none-eabi/lib/armv6k/fpu\libg.a(libc_a-init.o)
                0x0010b0a4                __libc_init_array
 .text.strncat  0x0010b128       0x9c C:/devkitPro/devkitARM/bin/../lib/gcc/arm-none-eabi/15.1.0/../../../../arm-none-eabi/lib/armv6k/fpu\libg.a(libc_a-strncat.o)
                0x0010b128                strncat
 .text._fwalk_sglue
                0x0010b1c4       0x70 C:/devkitPro/devkitARM/bin/../lib/gcc/arm-none-eabi/15.1.0/../../../../arm-none-eabi/lib/armv6k/fpu\libg.a(libc_a-fwalk.o)
                0x0010b1c4                _fwalk_sglue
 .text.bsearch  0x0010b234       0x78 C:/devkitPro/devkitARM/bin/../lib/gcc/arm-none-eabi/15.1.0/../../../../arm-none-eabi/lib/armv6k/fpu\libg.a(libc_a-bsearch.o)
                0x0010b234                bsearch
 .text.__errno  0x0010b2ac        0xc C:/devkitPro/devkitARM/bin/../lib/gcc/arm-none-eabi/15.1.0/../../../../arm-none-eabi/lib/armv6k/fpu\libg.a(libc_a-errno.o)
                0x0010b2ac                __errno
 .text._puts_r  0x0010b2b8       0xe0 C:/devkitPro/devkitARM/bin/../lib/gcc/arm-none-eabi/15.1.0/../../../../arm-none-eabi/lib/armv6k/fpu\libg.a(libc_a-puts.o)
                0x0010b2b8                _puts_r
 .text.puts     0x0010b398       0x20 C:/devkitPro/devkitARM/bin/../lib/gcc/arm-none-eabi/15.1.0/../../../../arm-none-eabi/lib/armv6k/fpu\libg.a(libc_a-puts.o)
                0x0010b398                puts
 .text.memalign
                0x0010b3b8       0x28 C:/devkitPro/devkitARM/bin/../lib/gcc/arm-none-eabi/15.1.0/../../../../arm-none-eabi/lib/armv6k/fpu\libg.a(libc_a-malign.o)
                0x0010b3b8                memalign
 .text._malloc_r
                0x0010b3e0      0x82c C:/devkitPro/devkitARM/bin/../lib/gcc/arm-none-eabi/15.1.0/../../../../arm-none-eabi/lib/armv6k/fpu\libg.a(libc_a-mallocr.o)
                0x0010b3e0                _malloc_r
 .text._malloc_trim_r
                0x0010bc0c      0x114 C:/devkitPro/devkitARM/bin/../lib/gcc/arm-none-eabi/15.1.0/../../../../arm-none-eabi/lib/armv6k/fpu\libg.a(libc_a-freer.o)
                0x0010bc0c                _malloc_trim_r
 .text._free_r  0x0010bd20      0x314 C:/devkitPro/devkitARM/bin/../lib/gcc/arm-none-eabi/15.1.0/../../../../arm-none-eabi/lib/armv6k/fpu\libg.a(libc_a-freer.o)
                0x0010bd20                _free_r
 .text.printf   0x0010c034       0x34 C:/devkitPro/devkitARM/bin/../lib/gcc/arm-none-eabi/15.1.0/../../../../arm-none-eabi/lib/armv6k/fpu\libg.a(libc_a-printf.o)
                0x0010c034                printf
 .text.strnlen  0x0010c068       0x3c C:/devkitPro/devkitARM/bin/../lib/gcc/arm-none-eabi/15.1.0/../../../../arm-none-eabi/lib/armv6k/fpu\libg.a(libc_a-strnlen.o)
                0x0010c068                strnlen
 .text.malloc   0x0010c0a4       0x40 C:/devkitPro/devkitARM/bin/../lib/gcc/arm-none-eabi/15.1.0/../../../../arm-none-eabi/lib/armv6k/fpu\libg.a(libc_a-malloc.o)
                0x0010c0a4                malloc
 .text.free     0x0010c0e4       0x20 C:/devkitPro/devkitARM/bin/../lib/gcc/arm-none-eabi/15.1.0/../../../../arm-none-eabi/lib/armv6k/fpu\libg.a(libc_a-malloc.o)
                0x0010c0e4                free
 .text.__sflush_r
                0x0010c104      0x22c C:/devkitPro/devkitARM/bin/../lib/gcc/arm-none-eabi/15.1.0/../../../../arm-none-eabi/lib/armv6k/fpu\libg.a(libc_a-fflush.o)
                0x0010c104                __sflush_r
 .text._fflush_r
                0x0010c330       0xc4 C:/devkitPro/devkitARM/bin/../lib/gcc/arm-none-eabi/15.1.0/../../../../arm-none-eabi/lib/armv6k/fpu\libg.a(libc_a-fflush.o)
                0x0010c330                _fflush_r
 .text.memset   0x0010c3f4       0xe4 C:/devkitPro/devkitARM/bin/../lib/gcc/arm-none-eabi/15.1.0/../../../../arm-none-eabi/lib/armv6k/fpu\libg.a(libc_a-memset.o)
                0x0010c3f4                memset
 .text.__malloc_lock
                0x0010c4d8        0xc C:/devkitPro/devkitARM/bin/../lib/gcc/arm-none-eabi/15.1.0/../../../../arm-none-eabi/lib/armv6k/fpu\libg.a(libc_a-mlock.o)
                0x0010c4d8                __malloc_lock
 .text.__malloc_unlock
                0x0010c4e4        0xc C:/devkitPro/devkitARM/bin/../lib/gcc/arm-none-eabi/15.1.0/../../../../arm-none-eabi/lib/armv6k/fpu\libg.a(libc_a-mlock.o)
                0x0010c4e4                __malloc_unlock
 .text.__call_exitprocs
                0x0010c4f0        0x4 C:/devkitPro/devkitARM/bin/../lib/gcc/arm-none-eabi/15.1.0/../../../../arm-none-eabi/lib/armv6k/fpu\libg.a(libc_a-exit.o)
                0x0010c4f0                __call_exitprocs
 .text.exit     0x0010c4f4       0x30 C:/devkitPro/devkitARM/bin/../lib/gcc/arm-none-eabi/15.1.0/../../../../arm-none-eabi/lib/armv6k/fpu\libg.a(libc_a-exit.o)
                0x0010c4f4                exit
 .text.setvbuf  0x0010c524      0x294 C:/devkitPro/devkitARM/bin/../lib/gcc/arm-none-eabi/15.1.0/../../../../arm-none-eabi/lib/armv6k/fpu\libg.a(libc_a-setvbuf.o)
                0x0010c524                setvbuf
 .text.strncpy  0x0010c7b8       0xd4 C:/devkitPro/devkitARM/bin/../lib/gcc/arm-none-eabi/15.1.0/../../../../arm-none-eabi/lib/armv6k/fpu\libg.a(libc_a-strncpy.o)
                0x0010c7b8                strncpy
 .text.memcpy   0x0010c88c      0x12c C:/devkitPro/devkitARM/bin/../lib/gcc/arm-none-eabi/15.1.0/../../../../arm-none-eabi/lib/armv6k/fpu\libg.a(libc_a-memcpy-stub.o)
                0x0010c88c                memcpy
 .text.__sfvwrite_r
                0x0010c9b8      0x4a4 C:/devkitPro/devkitARM/bin/../lib/gcc/arm-none-eabi/15.1.0/../../../../arm-none-eabi/lib/armv6k/fpu\libg.a(libc_a-fvwrite.o)
                0x0010c9b8                __sfvwrite_r
 .text.__sread  0x0010ce5c       0x44 C:/devkitPro/devkitARM/bin/../lib/gcc/arm-none-eabi/15.1.0/../../../../arm-none-eabi/lib/armv6k/fpu\libg.a(libc_a-stdio.o)
                0x0010ce5c                __sread
 .text.__swrite
                0x0010cea0       0x68 C:/devkitPro/devkitARM/bin/../lib/gcc/arm-none-eabi/15.1.0/../../../../arm-none-eabi/lib/armv6k/fpu\libg.a(libc_a-stdio.o)
                0x0010cea0                __swrite
 .text.__sseek  0x0010cf08       0x40 C:/devkitPro/devkitARM/bin/../lib/gcc/arm-none-eabi/15.1.0/../../../../arm-none-eabi/lib/armv6k/fpu\libg.a(libc_a-stdio.o)
                0x0010cf08                __sseek
 .text.__sclose
                0x0010cf48        0x8 C:/devkitPro/devkitARM/bin/../lib/gcc/arm-none-eabi/15.1.0/../../../../arm-none-eabi/lib/armv6k/fpu\libg.a(libc_a-stdio.o)
                0x0010cf48                __sclose
 .text.memmove  0x0010cf50      0x16c C:/devkitPro/devkitARM/bin/../lib/gcc/arm-none-eabi/15.1.0/../../../../arm-none-eabi/lib/armv6k/fpu\libg.a(libc_a-memmove.o)
                0x0010cf50                memmove
 .text._fclose_r
                0x0010d0bc      0x144 C:/devkitPro/devkitARM/bin/../lib/gcc/arm-none-eabi/15.1.0/../../../../arm-none-eabi/lib/armv6k/fpu\libg.a(libc_a-fclose.o)
                0x0010d0bc                _fclose_r
 .text._memalign_r
                0x0010d200      0x16c C:/devkitPro/devkitARM/bin/../lib/gcc/arm-none-eabi/15.1.0/../../../../arm-none-eabi/lib/armv6k/fpu\libg.a(libc_a-malignr.o)
                0x0010d200                _memalign_r
 .text.get_arg  0x0010d36c      0x5e0 C:/devkitPro/devkitARM/bin/../lib/gcc/arm-none-eabi/15.1.0/../../../../arm-none-eabi/lib/armv6k/fpu\libg.a(libc_a-vfprintf.o)
 *fill*         0x0010d94c        0x4 
 .text._vfprintf_r
                0x0010d950     0x3554 C:/devkitPro/devkitARM/bin/../lib/gcc/arm-none-eabi/15.1.0/../../../../arm-none-eabi/lib/armv6k/fpu\libg.a(libc_a-vfprintf.o)
                0x0010d950                _vfprintf_r
 .text.__sbprintf
                0x00110ea4       0xb4 C:/devkitPro/devkitARM/bin/../lib/gcc/arm-none-eabi/15.1.0/../../../../arm-none-eabi/lib/armv6k/fpu\libg.a(libc_a-vfprintf.o)
 .text.memchr   0x00110f58       0xe8 C:/devkitPro/devkitARM/bin/../lib/gcc/arm-none-eabi/15.1.0/../../../../arm-none-eabi/lib/armv6k/fpu\libg.a(libc_a-memchr-stub.o)
                0x00110f58                memchr
 .text.quorem   0x00111040      0x1c0 C:/devkitPro/devkitARM/bin/../lib/gcc/arm-none-eabi/15.1.0/../../../../arm-none-eabi/lib/armv6k/fpu\libg.a(libc_a-dtoa.o)
 .text._dtoa_r  0x00111200     0x13f0 C:/devkitPro/devkitARM/bin/../lib/gcc/arm-none-eabi/15.1.0/../../../../arm-none-eabi/lib/armv6k/fpu\libg.a(libc_a-dtoa.o)
                0x00111200                _dtoa_r
 .text._wcrtomb_r
                0x001125f0       0xa0 C:/devkitPro/devkitARM/bin/../lib/gcc/arm-none-eabi/15.1.0/../../../../arm-none-eabi/lib/armv6k/fpu\libg.a(libc_a-wcrtomb.o)
                0x001125f0                _wcrtomb_r
 .text.__libc_fini_array
                0x00112690       0x3c C:/devkitPro/devkitARM/bin/../lib/gcc/arm-none-eabi/15.1.0/../../../../arm-none-eabi/lib/armv6k/fpu\libg.a(libc_a-fini.o)
                0x00112690                __libc_fini_array
 .text.__smakebuf_r
                0x001126cc      0x164 C:/devkitPro/devkitARM/bin/../lib/gcc/arm-none-eabi/15.1.0/../../../../arm-none-eabi/lib/armv6k/fpu\libg.a(libc_a-makebuf.o)
                0x001126cc                __smakebuf_r
 .text.__swhatbuf_r
                0x00112830       0x90 C:/devkitPro/devkitARM/bin/../lib/gcc/arm-none-eabi/15.1.0/../../../../arm-none-eabi/lib/armv6k/fpu\libg.a(libc_a-makebuf.o)
                0x00112830                __swhatbuf_r
 .text._realloc_r
                0x001128c0      0x4f0 C:/devkitPro/devkitARM/bin/../lib/gcc/arm-none-eabi/15.1.0/../../../../arm-none-eabi/lib/armv6k/fpu\libg.a(libc_a-reallocr.o)
                0x001128c0                _realloc_r
 .text._wcsrtombs_r
                0x00112db0       0x28 C:/devkitPro/devkitARM/bin/../lib/gcc/arm-none-eabi/15.1.0/../../../../arm-none-eabi/lib/armv6k/fpu\libg.a(libc_a-wcsrtombs.o)
                0x00112db0                _wcsrtombs_r
 .text.__swsetup_r
                0x00112dd8      0x140 C:/devkitPro/devkitARM/bin/../lib/gcc/arm-none-eabi/15.1.0/../../../../arm-none-eabi/lib/armv6k/fpu\libg.a(libc_a-wsetup.o)
                0x00112dd8                __swsetup_r
 .text.frexp    0x00112f18       0x88 C:/devkitPro/devkitARM/bin/../lib/gcc/arm-none-eabi/15.1.0/../../../../arm-none-eabi/lib/armv6k/fpu\libg.a(libm_a-s_frexp.o)
                0x00112f18                frexp
 .text.__assert_func
                0x00112fa0       0x5c C:/devkitPro/devkitARM/bin/../lib/gcc/arm-none-eabi/15.1.0/../../../../arm-none-eabi/lib/armv6k/fpu\libg.a(libc_a-assert.o)
                0x00112fa0                __assert_func
 .text._Balloc  0x00112ffc       0x88 C:/devkitPro/devkitARM/bin/../lib/gcc/arm-none-eabi/15.1.0/../../../../arm-none-eabi/lib/armv6k/fpu\libg.a(libc_a-mprec.o)
                0x00112ffc                _Balloc
 .text._Bfree   0x00113084       0x1c C:/devkitPro/devkitARM/bin/../lib/gcc/arm-none-eabi/15.1.0/../../../../arm-none-eabi/lib/armv6k/fpu\libg.a(libc_a-mprec.o)
                0x00113084                _Bfree
 .text.__multadd
                0x001130a0       0xf4 C:/devkitPro/devkitARM/bin/../lib/gcc/arm-none-eabi/15.1.0/../../../../arm-none-eabi/lib/armv6k/fpu\libg.a(libc_a-mprec.o)
                0x001130a0                __multadd
 .text.__hi0bits
                0x00113194       0x80 C:/devkitPro/devkitARM/bin/../lib/gcc/arm-none-eabi/15.1.0/../../../../arm-none-eabi/lib/armv6k/fpu\libg.a(libc_a-mprec.o)
                0x00113194                __hi0bits
 .text.__lo0bits
                0x00113214       0xf0 C:/devkitPro/devkitARM/bin/../lib/gcc/arm-none-eabi/15.1.0/../../../../arm-none-eabi/lib/armv6k/fpu\libg.a(libc_a-mprec.o)
                0x00113214                __lo0bits
 .text.__i2b    0x00113304       0xa4 C:/devkitPro/devkitARM/bin/../lib/gcc/arm-none-eabi/15.1.0/../../../../arm-none-eabi/lib/armv6k/fpu\libg.a(libc_a-mprec.o)
                0x00113304                __i2b
 .text.__multiply
                0x001133a8      0x230 C:/devkitPro/devkitARM/bin/../lib/gcc/arm-none-eabi/15.1.0/../../../../arm-none-eabi/lib/armv6k/fpu\libg.a(libc_a-mprec.o)
                0x001133a8                __multiply
 .text.__pow5mult
                0x001135d8      0x130 C:/devkitPro/devkitARM/bin/../lib/gcc/arm-none-eabi/15.1.0/../../../../arm-none-eabi/lib/armv6k/fpu\libg.a(libc_a-mprec.o)
                0x001135d8                __pow5mult
 .text.__lshift
                0x00113708      0x138 C:/devkitPro/devkitARM/bin/../lib/gcc/arm-none-eabi/15.1.0/../../../../arm-none-eabi/lib/armv6k/fpu\libg.a(libc_a-mprec.o)
                0x00113708                __lshift
 .text.__mcmp   0x00113840       0x58 C:/devkitPro/devkitARM/bin/../lib/gcc/arm-none-eabi/15.1.0/../../../../arm-none-eabi/lib/armv6k/fpu\libg.a(libc_a-mprec.o)
                0x00113840                __mcmp
 .text.__mdiff  0x00113898      0x218 C:/devkitPro/devkitARM/bin/../lib/gcc/arm-none-eabi/15.1.0/../../../../arm-none-eabi/lib/armv6k/fpu\libg.a(libc_a-mprec.o)
                0x00113898                __mdiff
 .text.__d2b    0x00113ab0      0x120 C:/devkitPro/devkitARM/bin/../lib/gcc/arm-none-eabi/15.1.0/../../../../arm-none-eabi/lib/armv6k/fpu\libg.a(libc_a-mprec.o)
                0x00113ab0                __d2b
 .text.__locale_mb_cur_max
                0x00113bd0       0x24 C:/devkitPro/devkitARM/bin/../lib/gcc/arm-none-eabi/15.1.0/../../../../arm-none-eabi/lib/armv6k/fpu\libg.a(libc_a-locale.o)
                0x00113bd0                __locale_mb_cur_max
 .text.fiprintf
                0x00113bf4       0x3c C:/devkitPro/devkitARM/bin/../lib/gcc/arm-none-eabi/15.1.0/../../../../arm-none-eabi/lib/armv6k/fpu\libg.a(libc_a-fiprintf.o)
                0x00113bf4                fiprintf
 .text._wcsnrtombs_l
                0x00113c30      0x15c C:/devkitPro/devkitARM/bin/../lib/gcc/arm-none-eabi/15.1.0/../../../../arm-none-eabi/lib/armv6k/fpu\libg.a(libc_a-wcsnrtombs.o)
                0x00113c30                _wcsnrtombs_l
 .text._wcsnrtombs_r
                0x00113d8c       0x64 C:/devkitPro/devkitARM/bin/../lib/gcc/arm-none-eabi/15.1.0/../../../../arm-none-eabi/lib/armv6k/fpu\libg.a(libc_a-wcsnrtombs.o)
                0x00113d8c                _wcsnrtombs_r
 .text.__utf8_mbtowc
                0x00113df0      0x340 C:/devkitPro/devkitARM/bin/../lib/gcc/arm-none-eabi/15.1.0/../../../../arm-none-eabi/lib/armv6k/fpu\libg.a(libc_a-mbtowc_r.o)
                0x00113df0                __utf8_mbtowc
 .text.__sprint_r
                0x00114130       0x30 C:/devkitPro/devkitARM/bin/../lib/gcc/arm-none-eabi/15.1.0/../../../../arm-none-eabi/lib/armv6k/fpu\libg.a(libc_a-sprint_r.o)
                0x00114130                __sprint_r
 .text.abort    0x00114160       0x14 C:/devkitPro/devkitARM/bin/../lib/gcc/arm-none-eabi/15.1.0/../../../../arm-none-eabi/lib/armv6k/fpu\libg.a(libc_a-abort.o)
                0x00114160                abort
 .text._localeconv_r
                0x00114174       0x24 C:/devkitPro/devkitARM/bin/../lib/gcc/arm-none-eabi/15.1.0/../../../../arm-none-eabi/lib/armv6k/fpu\libg.a(libc_a-localeconv.o)
                0x00114174                _localeconv_r
 .text._calloc_r
                0x00114198       0xd8 C:/devkitPro/devkitARM/bin/../lib/gcc/arm-none-eabi/15.1.0/../../../../arm-none-eabi/lib/armv6k/fpu\libg.a(libc_a-callocr.o)
                0x00114198                _calloc_r
 .text.__utf8_wctomb
                0x00114270       0xf8 C:/devkitPro/devkitARM/bin/../lib/gcc/arm-none-eabi/15.1.0/../../../../arm-none-eabi/lib/armv6k/fpu\libg.a(libc_a-wctomb_r.o)
                0x00114270                __utf8_wctomb
 .text.strchr   0x00114368      0x140 C:/devkitPro/devkitARM/bin/../lib/gcc/arm-none-eabi/15.1.0/../../../../arm-none-eabi/lib/armv6k/fpu\libg.a(libc_a-strchr.o)
                0x00114368                strchr
 .text._raise_r
                0x001144a8       0x9c C:/devkitPro/devkitARM/bin/../lib/gcc/arm-none-eabi/15.1.0/../../../../arm-none-eabi/lib/armv6k/fpu\libg.a(libc_a-signal.o)
                0x001144a8                _raise_r
 .text.raise    0x00114544       0x20 C:/devkitPro/devkitARM/bin/../lib/gcc/arm-none-eabi/15.1.0/../../../../arm-none-eabi/lib/armv6k/fpu\libg.a(libc_a-signal.o)
                0x00114544                raise
 .text.get_arg  0x00114564      0x5e0 C:/devkitPro/devkitARM/bin/../lib/gcc/arm-none-eabi/15.1.0/../../../../arm-none-eabi/lib/armv6k/fpu\libg.a(libc_a-vfiprintf.o)
 .text._vfiprintf_r
                0x00114b44     0x22f8 C:/devkitPro/devkitARM/bin/../lib/gcc/arm-none-eabi/15.1.0/../../../../arm-none-eabi/lib/armv6k/fpu\libg.a(libc_a-vfiprintf.o)
                0x00114b44                _vfiprintf_r
 .text.__sbprintf
                0x00116e3c       0xb4 C:/devkitPro/devkitARM/bin/../lib/gcc/arm-none-eabi/15.1.0/../../../../arm-none-eabi/lib/armv6k/fpu\libg.a(libc_a-vfiprintf.o)
 .text._exit    0x00116ef0       0x20 C:/devkitPro/devkitARM/bin/../lib/gcc/arm-none-eabi/15.1.0/../../../../arm-none-eabi/lib/armv6k/fpu\libsysbase.a(libsysbase_libsysbase_a-_exit.o)
                0x00116ef0                _exit
 .text.chdir    0x00116f10      0x140 C:/devkitPro/devkitARM/bin/../lib/gcc/arm-none-eabi/15.1.0/../../../../arm-none-eabi/lib/armv6k/fpu\libsysbase.a(libsysbase_libsysbase_a-chdir.o)
                0x00116f10                chdir
 .text._concatenate_path
                0x00117050      0x1c8 C:/devkitPro/devkitARM/bin/../lib/gcc/arm-none-eabi/15.1.0/../../../../arm-none-eabi/lib/armv6k/fpu\libsysbase.a(libsysbase_libsysbase_a-concatenate.o)
                0x00117050                _concatenate_path
 .text._fstat_r
                0x00117218       0x9c C:/devkitPro/devkitARM/bin/../lib/gcc/arm-none-eabi/15.1.0/../../../../arm-none-eabi/lib/armv6k/fpu\libsysbase.a(libsysbase_libsysbase_a-fstat.o)
                0x00117218                _fstat_r
 .text._getpid_r
                0x001172b4       0x14 C:/devkitPro/devkitARM/bin/../lib/gcc/arm-none-eabi/15.1.0/../../../../arm-none-eabi/lib/armv6k/fpu\libsysbase.a(libsysbase_libsysbase_a-getpid.o)
                0x001172b4                _getpid_r
 .text.__getreent
                0x001172c8       0x2c C:/devkitPro/devkitARM/bin/../lib/gcc/arm-none-eabi/15.1.0/../../../../arm-none-eabi/lib/armv6k/fpu\libsysbase.a(libsysbase_libsysbase_a-getreent.o)
                0x001172c8                __getreent
 .text.__get_handle
                0x001172f4       0x58 C:/devkitPro/devkitARM/bin/../lib/gcc/arm-none-eabi/15.1.0/../../../../arm-none-eabi/lib/armv6k/fpu\libsysbase.a(libsysbase_libsysbase_a-handle_manager.o)
                0x001172f4                __get_handle
 .text._close_r
                0x0011734c      0x110 C:/devkitPro/devkitARM/bin/../lib/gcc/arm-none-eabi/15.1.0/../../../../arm-none-eabi/lib/armv6k/fpu\libsysbase.a(libsysbase_libsysbase_a-handle_manager.o)
                0x0011734c                _close_r
 .text.null_write
                0x0011745c        0x8 C:/devkitPro/devkitARM/bin/../lib/gcc/arm-none-eabi/15.1.0/../../../../arm-none-eabi/lib/armv6k/fpu\libsysbase.a(libsysbase_libsysbase_a-iosupport.o)
 .text.setDefaultDevice
                0x00117464       0x18 C:/devkitPro/devkitARM/bin/../lib/gcc/arm-none-eabi/15.1.0/../../../../arm-none-eabi/lib/armv6k/fpu\libsysbase.a(libsysbase_libsysbase_a-iosupport.o)
                0x00117464                setDefaultDevice
 .text.FindDevice
                0x0011747c       0xc4 C:/devkitPro/devkitARM/bin/../lib/gcc/arm-none-eabi/15.1.0/../../../../arm-none-eabi/lib/armv6k/fpu\libsysbase.a(libsysbase_libsysbase_a-iosupport.o)
                0x0011747c                FindDevice
 .text.RemoveDevice
                0x00117540       0x28 C:/devkitPro/devkitARM/bin/../lib/gcc/arm-none-eabi/15.1.0/../../../../arm-none-eabi/lib/armv6k/fpu\libsysbase.a(libsysbase_libsysbase_a-iosupport.o)
                0x00117540                RemoveDevice
 .text.AddDevice
                0x00117568       0x98 C:/devkitPro/devkitARM/bin/../lib/gcc/arm-none-eabi/15.1.0/../../../../arm-none-eabi/lib/armv6k/fpu\libsysbase.a(libsysbase_libsysbase_a-iosupport.o)
                0x00117568                AddDevice
 .text.GetDeviceOpTab
                0x00117600       0x20 C:/devkitPro/devkitARM/bin/../lib/gcc/arm-none-eabi/15.1.0/../../../../arm-none-eabi/lib/armv6k/fpu\libsysbase.a(libsysbase_libsysbase_a-iosupport.o)
                0x00117600                GetDeviceOpTab
 .text._isatty_r
                0x00117620        0x8 C:/devkitPro/devkitARM/bin/../lib/gcc/arm-none-eabi/15.1.0/../../../../arm-none-eabi/lib/armv6k/fpu\libsysbase.a(libsysbase_libsysbase_a-isatty.o)
                0x00117620                _isatty_r
 .text._kill_r  0x00117628       0x14 C:/devkitPro/devkitARM/bin/../lib/gcc/arm-none-eabi/15.1.0/../../../../arm-none-eabi/lib/armv6k/fpu\libsysbase.a(libsysbase_libsysbase_a-kill.o)
                0x00117628                _kill_r
 .text._lseek_r
                0x0011763c       0x94 C:/devkitPro/devkitARM/bin/../lib/gcc/arm-none-eabi/15.1.0/../../../../arm-none-eabi/lib/armv6k/fpu\libsysbase.a(libsysbase_libsysbase_a-lseek.o)
                0x0011763c                _lseek_r
 .text._read_r  0x001176d0       0x94 C:/devkitPro/devkitARM/bin/../lib/gcc/arm-none-eabi/15.1.0/../../../../arm-none-eabi/lib/armv6k/fpu\libsysbase.a(libsysbase_libsysbase_a-read.o)
                0x001176d0                _read_r
 .text._sbrk_r  0x00117764       0x78 C:/devkitPro/devkitARM/bin/../lib/gcc/arm-none-eabi/15.1.0/../../../../arm-none-eabi/lib/armv6k/fpu\libsysbase.a(libsysbase_libsysbase_a-sbrk.o)
                0x00117764                _sbrk_r
 .text.__libc_lock_acquire
                0x001177dc       0x1c C:/devkitPro/devkitARM/bin/../lib/gcc/arm-none-eabi/15.1.0/../../../../arm-none-eabi/lib/armv6k/fpu\libsysbase.a(libsysbase_libsysbase_a-syscall_support.o)
                0x001177dc                __libc_lock_acquire
 .text.__libc_lock_release
                0x001177f8       0x1c C:/devkitPro/devkitARM/bin/../lib/gcc/arm-none-eabi/15.1.0/../../../../arm-none-eabi/lib/armv6k/fpu\libsysbase.a(libsysbase_libsysbase_a-syscall_support.o)
                0x001177f8                __libc_lock_release
 .text.__libc_lock_acquire_recursive
                0x00117814       0x1c C:/devkitPro/devkitARM/bin/../lib/gcc/arm-none-eabi/15.1.0/../../../../arm-none-eabi/lib/armv6k/fpu\libsysbase.a(libsysbase_libsysbase_a-syscall_support.o)
                0x00117814                __libc_lock_acquire_recursive
 .text.__libc_lock_release_recursive
                0x00117830       0x1c C:/devkitPro/devkitARM/bin/../lib/gcc/arm-none-eabi/15.1.0/../../../../arm-none-eabi/lib/armv6k/fpu\libsysbase.a(libsysbase_libsysbase_a-syscall_support.o)
                0x00117830                __libc_lock_release_recursive
 .text._write_r
                0x0011784c       0x94 C:/devkitPro/devkitARM/bin/../lib/gcc/arm-none-eabi/15.1.0/../../../../arm-none-eabi/lib/armv6k/fpu\libsysbase.a(libsysbase_libsysbase_a-write.o)
                0x0011784c                _write_r
 .text.strrchr  0x001178e0       0x48 C:/devkitPro/devkitARM/bin/../lib/gcc/arm-none-eabi/15.1.0/../../../../arm-none-eabi/lib/armv6k/fpu\libg.a(libc_a-strrchr.o)
                0x001178e0                strrchr
 *(.glue_7)
 .glue_7        0x00117928        0x0 linker stubs
 *(.glue_7t)
 .glue_7t       0x00117928        0x0 linker stubs
 *(.stub)
 *(.gnu.warning)
 *(.gnu.linkonce.t*)
                0x00117928                        . = ALIGN (0x4)
 *(.fini)
 .fini          0x00117928        0xc C:/devkitPro/devkitARM/bin/../lib/gcc/arm-none-eabi/15.1.0/armv6k/fpu/crti.o
                0x00117928                _fini
 .fini          0x00117934        0xc C:/devkitPro/devkitARM/bin/../lib/gcc/arm-none-eabi/15.1.0/armv6k/fpu/crtn.o
                0x00117940                        . = ALIGN (0x4)

.vfp11_veneer   0x00117940        0x0
 .vfp11_veneer  0x00117940        0x0 linker stubs

.v4_bx          0x00117940        0x0
 .v4_bx         0x00117940        0x0 linker stubs

.iplt           0x00117940        0x0
 .iplt          0x00117940        0x0 C:/devkitPro/devkitARM/bin/../lib/gcc/arm-none-eabi/15.1.0/../../../../arm-none-eabi/lib/armv6k/fpu/3dsx_crt0.o
                0x00118000                        . = ALIGN (0x1000)

.rodata         0x00118000   0x181c48
 *(.rodata)
 .rodata        0x00118000        0xc C:/devkitPro/libctru/lib\libctru.a(archive_dev.o)
 *(.roda)
 *(.rodata.*)
 .rodata.str1.4
                0x0011800c   0x180a5c main.o
                             0x18089f (size before relaxing)
 .rodata.consolePrintChar
                0x00298a68        0x6 C:/devkitPro/libctru/lib\libctru.a(console.o)
 .rodata.con_write
                0x00298a6e      0x164 C:/devkitPro/libctru/lib\libctru.a(console.o)
 .rodata.str1.4
                0x00298bd2       0x10 C:/devkitPro/libctru/lib\libctru.a(console.o)
 *fill*         0x00298bd2        0x2 
 .rodata.dotab_stdout
                0x00298bd4       0x80 C:/devkitPro/libctru/lib\libctru.a(console.o)
 .rodata.grayScale
                0x00298c54       0x18 C:/devkitPro/libctru/lib\libctru.a(console.o)
 .rodata.colorCube
                0x00298c6c        0x6 C:/devkitPro/libctru/lib\libctru.a(console.o)
 *fill*         0x00298c72        0x2 
 .rodata.colorTable
                0x00298c74       0x30 C:/devkitPro/libctru/lib\libctru.a(console.o)
 .rodata.aptEventHandler
                0x00298ca4        0xb C:/devkitPro/libctru/lib\libctru.a(apt.o)
 .rodata.aptWaitForWakeUp.isra.0
                0x00298caf       0x11 C:/devkitPro/libctru/lib\libctru.a(apt.o)
 .rodata.morton_y.2
                0x00298cc0        0x8 C:/devkitPro/libctru/lib\libctru.a(apt.o)
 .rodata.morton_x.3
                0x00298cc8        0x8 C:/devkitPro/libctru/lib\libctru.a(apt.o)
 .rodata.s_sleepWakeEvents.4
                0x00298cd0        0x8 C:/devkitPro/libctru/lib\libctru.a(apt.o)
 .rodata.str1.4
                0x00298cd8       0x16 C:/devkitPro/libctru/lib\libctru.a(apt.o)
 .rodata.serviceNameTable.5
                0x00298cd8        0xc C:/devkitPro/libctru/lib\libctru.a(apt.o)
 .rodata.gspInit.str1.4
                0x00298ce4        0x9 C:/devkitPro/libctru/lib\libctru.a(gspgpu.o)
 .rodata.hidInit.str1.4
                0x00298ce4       0x15 C:/devkitPro/libctru/lib\libctru.a(hid.o)
 .rodata.irrstInit.str1.4
                0x00298ce4        0x7 C:/devkitPro/libctru/lib\libctru.a(irrst.o)
 .rodata.__system_initArgv.str1.4
                0x00298ce4        0xa C:/devkitPro/libctru/lib\libctru.a(initArgv.o)
 .rodata.default_font_bin
                0x00298ce4      0x800 C:/devkitPro/libctru/lib\libctru.a(default_font.bin.o)
                0x00298ce4                default_font_bin
                0x002994e4                default_font_bin_end
 .rodata.srvInit.str1.4
                0x002994e4        0x5 C:/devkitPro/libctru/lib\libctru.a(srv.o)
 .rodata.ptmSysmInit.str1.4
                0x002994e4        0x9 C:/devkitPro/libctru/lib\libctru.a(ptmsysm.o)
 .rodata.archive_utf16path.str1.4
                0x002994e4        0x2 C:/devkitPro/libctru/lib\libctru.a(archive_dev.o)
 .rodata._archiveUnmountDeviceStruct.part.0.str1.4
                0x002994e4        0x2 C:/devkitPro/libctru/lib\libctru.a(archive_dev.o)
 .rodata._archiveMountDevice.str1.4
                0x002994e4        0xc C:/devkitPro/libctru/lib\libctru.a(archive_dev.o)
 .rodata.archiveMountSdmc.str1.4
                0x002994e4        0x5 C:/devkitPro/libctru/lib\libctru.a(archive_dev.o)
 .rodata.error_table
                0x002994e4       0x30 C:/devkitPro/libctru/lib\libctru.a(archive_dev.o)
 .rodata.str1.4
                0x00299514        0x8 C:/devkitPro/libctru/lib\libctru.a(archive_dev.o)
 .rodata.archive_devoptab
                0x00299514       0x80 C:/devkitPro/libctru/lib\libctru.a(archive_dev.o)
 .rodata.fsInit.str1.4
                0x00299594        0x8 C:/devkitPro/libctru/lib\libctru.a(fs.o)
 .rodata._puts_r.str1.4
                0x00299594        0x2 C:/devkitPro/devkitARM/bin/../lib/gcc/arm-none-eabi/15.1.0/../../../../arm-none-eabi/lib/armv6k/fpu\libg.a(libc_a-puts.o)
 .rodata._ctype_
                0x00299594      0x101 C:/devkitPro/devkitARM/bin/../lib/gcc/arm-none-eabi/15.1.0/../../../../arm-none-eabi/lib/armv6k/fpu\libg.a(libc_a-ctype_.o)
                0x00299594                _ctype_
 *fill*         0x00299695        0x1 
 .rodata.get_arg
                0x00299696       0x34 C:/devkitPro/devkitARM/bin/../lib/gcc/arm-none-eabi/15.1.0/../../../../arm-none-eabi/lib/armv6k/fpu\libg.a(libc_a-vfprintf.o)
 .rodata._vfprintf_r.str1.1
                0x002996ca       0x3b C:/devkitPro/devkitARM/bin/../lib/gcc/arm-none-eabi/15.1.0/../../../../arm-none-eabi/lib/armv6k/fpu\libg.a(libc_a-vfprintf.o)
 *fill*         0x00299705        0x1 
 .rodata._vfprintf_r
                0x00299706       0xb6 C:/devkitPro/devkitARM/bin/../lib/gcc/arm-none-eabi/15.1.0/../../../../arm-none-eabi/lib/armv6k/fpu\libg.a(libc_a-vfprintf.o)
 .rodata.zeroes.0
                0x002997bc       0x10 C:/devkitPro/devkitARM/bin/../lib/gcc/arm-none-eabi/15.1.0/../../../../arm-none-eabi/lib/armv6k/fpu\libg.a(libc_a-vfprintf.o)
 .rodata.blanks.1
                0x002997cc       0x10 C:/devkitPro/devkitARM/bin/../lib/gcc/arm-none-eabi/15.1.0/../../../../arm-none-eabi/lib/armv6k/fpu\libg.a(libc_a-vfprintf.o)
 .rodata._dtoa_r.str1.4
                0x002997dc       0x6a C:/devkitPro/devkitARM/bin/../lib/gcc/arm-none-eabi/15.1.0/../../../../arm-none-eabi/lib/armv6k/fpu\libg.a(libc_a-dtoa.o)
 .rodata._dtoa_r
                0x002997dc        0x8 C:/devkitPro/devkitARM/bin/../lib/gcc/arm-none-eabi/15.1.0/../../../../arm-none-eabi/lib/armv6k/fpu\libg.a(libc_a-dtoa.o)
 .rodata.__action_table
                0x002997e4       0x6c C:/devkitPro/devkitARM/bin/../lib/gcc/arm-none-eabi/15.1.0/../../../../arm-none-eabi/lib/armv6k/fpu\libg.a(libc_a-svfiprintf.o)
                0x002997e4                __action_table
 .rodata.__state_table
                0x00299850       0x6c C:/devkitPro/devkitARM/bin/../lib/gcc/arm-none-eabi/15.1.0/../../../../arm-none-eabi/lib/armv6k/fpu\libg.a(libc_a-svfiprintf.o)
                0x00299850                __state_table
 .rodata.__chclass
                0x002998bc      0x100 C:/devkitPro/devkitARM/bin/../lib/gcc/arm-none-eabi/15.1.0/../../../../arm-none-eabi/lib/armv6k/fpu\libg.a(libc_a-svfiprintf.o)
                0x002998bc                __chclass
 .rodata.__assert_func.str1.4
                0x002999bc       0x43 C:/devkitPro/devkitARM/bin/../lib/gcc/arm-none-eabi/15.1.0/../../../../arm-none-eabi/lib/armv6k/fpu\libg.a(libc_a-assert.o)
 .rodata.__multadd.str1.4
                0x002999bc       0x57 C:/devkitPro/devkitARM/bin/../lib/gcc/arm-none-eabi/15.1.0/../../../../arm-none-eabi/lib/armv6k/fpu\libg.a(libc_a-mprec.o)
 .rodata.p05.0  0x002999bc        0xc C:/devkitPro/devkitARM/bin/../lib/gcc/arm-none-eabi/15.1.0/../../../../arm-none-eabi/lib/armv6k/fpu\libg.a(libc_a-mprec.o)
 .rodata.__mprec_bigtens
                0x002999c8       0x28 C:/devkitPro/devkitARM/bin/../lib/gcc/arm-none-eabi/15.1.0/../../../../arm-none-eabi/lib/armv6k/fpu\libg.a(libc_a-mprec.o)
                0x002999c8                __mprec_bigtens
 .rodata.__mprec_tens
                0x002999f0       0xc8 C:/devkitPro/devkitARM/bin/../lib/gcc/arm-none-eabi/15.1.0/../../../../arm-none-eabi/lib/armv6k/fpu\libg.a(libc_a-mprec.o)
                0x002999f0                __mprec_tens
 .rodata.str1.4
                0x00299ab8       0x4c C:/devkitPro/devkitARM/bin/../lib/gcc/arm-none-eabi/15.1.0/../../../../arm-none-eabi/lib/armv6k/fpu\libg.a(libc_a-locale.o)
 .rodata.get_arg
                0x00299ab8       0x34 C:/devkitPro/devkitARM/bin/../lib/gcc/arm-none-eabi/15.1.0/../../../../arm-none-eabi/lib/armv6k/fpu\libg.a(libc_a-vfiprintf.o)
 .rodata._vfiprintf_r.str1.1
                0x00299aec       0x29 C:/devkitPro/devkitARM/bin/../lib/gcc/arm-none-eabi/15.1.0/../../../../arm-none-eabi/lib/armv6k/fpu\libg.a(libc_a-vfiprintf.o)
 .rodata._vfiprintf_r
                0x00299aec       0xb6 C:/devkitPro/devkitARM/bin/../lib/gcc/arm-none-eabi/15.1.0/../../../../arm-none-eabi/lib/armv6k/fpu\libg.a(libc_a-vfiprintf.o)
 *fill*         0x00299ba2        0x2 
 .rodata.zeroes.0
                0x00299ba4       0x10 C:/devkitPro/devkitARM/bin/../lib/gcc/arm-none-eabi/15.1.0/../../../../arm-none-eabi/lib/armv6k/fpu\libg.a(libc_a-vfiprintf.o)
 .rodata.blanks.1
                0x00299bb4       0x10 C:/devkitPro/devkitARM/bin/../lib/gcc/arm-none-eabi/15.1.0/../../../../arm-none-eabi/lib/armv6k/fpu\libg.a(libc_a-vfiprintf.o)
 .rodata.AddDevice.str1.4
                0x00299bc4        0x8 C:/devkitPro/devkitARM/bin/../lib/gcc/arm-none-eabi/15.1.0/../../../../arm-none-eabi/lib/armv6k/fpu\libsysbase.a(libsysbase_libsysbase_a-iosupport.o)
 .rodata.dotab_stdnull
                0x00299bc4       0x80 C:/devkitPro/devkitARM/bin/../lib/gcc/arm-none-eabi/15.1.0/../../../../arm-none-eabi/lib/armv6k/fpu\libsysbase.a(libsysbase_libsysbase_a-iosupport.o)
                0x00299bc4                dotab_stdnull
 *all.rodata*(*)
 *(.gnu.linkonce.r*)
                0x00299c44                        . = ALIGN (0x4)
                0x00299c44                        __tdata_align = .
                0x00299c44        0x4 LONG 0x4 ALIGNOF (.tdata)
                0x00299c48                        . = ALIGN (0x4)

.eh_frame       0x00299c48        0x0
 .eh_frame      0x00299c48        0x0 C:/devkitPro/devkitARM/bin/../lib/gcc/arm-none-eabi/15.1.0/armv6k/fpu/crtbegin.o

.rel.dyn        0x00299c48        0x0
 .rel.iplt      0x00299c48        0x0 C:/devkitPro/devkitARM/bin/../lib/gcc/arm-none-eabi/15.1.0/../../../../arm-none-eabi/lib/armv6k/fpu/3dsx_crt0.o
 .rel.got       0x00299c48        0x0 C:/devkitPro/devkitARM/bin/../lib/gcc/arm-none-eabi/15.1.0/../../../../arm-none-eabi/lib/armv6k/fpu/3dsx_crt0.o

.ARM.extab
 *(.ARM.extab* .gnu.linkonce.armextab.*)
                0x00299c48                        __exidx_start = .

.ARM.exidx
 *(.ARM.exidx* .gnu.linkonce.armexidx.*)
                0x00299c48                        __exidx_end = .
                0x0029a000                        . = ALIGN (0x1000)

.data           0x0029a000    0xe5964
 *(.data)
 .data          0x0029a000    0xe3d78 main.o
                0x0029a000                frames
 *(.data.*)
 .data.firstConsoleInit.0
                0x0037dd78        0x1 C:/devkitPro/libctru/lib\libctru.a(console.o)
 *fill*         0x0037dd79        0x3 
 .data.currentConsole
                0x0037dd7c        0x4 C:/devkitPro/libctru/lib\libctru.a(console.o)
                0x0037dd7c                currentConsole
 .data.defaultConsole
                0x0037dd80       0x48 C:/devkitPro/libctru/lib\libctru.a(console.o)
                0x0037dd80                defaultConsole
 .data.aptChainloadDeliverArgSize
                0x0037ddc8        0x4 C:/devkitPro/libctru/lib\libctru.a(apt.o)
 .data.kCount   0x0037ddcc        0x4 C:/devkitPro/libctru/lib\libctru.a(hid.o)
 .data.kInterval
                0x0037ddd0        0x4 C:/devkitPro/libctru/lib\libctru.a(hid.o)
 .data.kDelay   0x0037ddd4        0x4 C:/devkitPro/libctru/lib\libctru.a(hid.o)
 .data.__stacksize__
                0x0037ddd8        0x4 C:/devkitPro/libctru/lib\libctru.a(stack_adjust.o)
                0x0037ddd8                __stacksize__
 .data.__sglue  0x0037dddc        0xc C:/devkitPro/devkitARM/bin/../lib/gcc/arm-none-eabi/15.1.0/../../../../arm-none-eabi/lib/armv6k/fpu\libg.a(libc_a-findfp.o)
                0x0037dddc                __sglue
 .data.__malloc_sbrk_base
                0x0037dde8        0x4 C:/devkitPro/devkitARM/bin/../lib/gcc/arm-none-eabi/15.1.0/../../../../arm-none-eabi/lib/armv6k/fpu\libg.a(libc_a-mallocr.o)
                0x0037dde8                __malloc_sbrk_base
 .data.__malloc_trim_threshold
                0x0037ddec        0x4 C:/devkitPro/devkitARM/bin/../lib/gcc/arm-none-eabi/15.1.0/../../../../arm-none-eabi/lib/armv6k/fpu\libg.a(libc_a-mallocr.o)
                0x0037ddec                __malloc_trim_threshold
 .data.__malloc_av_
                0x0037ddf0      0x408 C:/devkitPro/devkitARM/bin/../lib/gcc/arm-none-eabi/15.1.0/../../../../arm-none-eabi/lib/armv6k/fpu\libg.a(libc_a-mallocr.o)
                0x0037ddf0                __malloc_av_
 .data._impure_ptr
                0x0037e1f8        0x4 C:/devkitPro/devkitARM/bin/../lib/gcc/arm-none-eabi/15.1.0/../../../../arm-none-eabi/lib/armv6k/fpu\libg.a(libc_a-impure.o)
                0x0037e1f8                _impure_ptr
 *fill*         0x0037e1fc        0x4 
 .data._impure_data
                0x0037e200      0x140 C:/devkitPro/devkitARM/bin/../lib/gcc/arm-none-eabi/15.1.0/../../../../arm-none-eabi/lib/armv6k/fpu\libg.a(libc_a-impure.o)
                0x0037e200                _impure_data
 .data.__global_locale
                0x0037e340      0x16c C:/devkitPro/devkitARM/bin/../lib/gcc/arm-none-eabi/15.1.0/../../../../arm-none-eabi/lib/armv6k/fpu\libg.a(libc_a-locale.o)
                0x0037e340                __global_locale
 .data._current_working_directory
                0x0037e4ac      0x400 C:/devkitPro/devkitARM/bin/../lib/gcc/arm-none-eabi/15.1.0/../../../../arm-none-eabi/lib/armv6k/fpu\libsysbase.a(libsysbase_libsysbase_a-chdir.o)
 *fill*         0x0037e8ac        0x4 
 .data.handles  0x0037e8b0     0x1000 C:/devkitPro/devkitARM/bin/../lib/gcc/arm-none-eabi/15.1.0/../../../../arm-none-eabi/lib/armv6k/fpu\libsysbase.a(libsysbase_libsysbase_a-handle_manager.o)
 .data.__stderr_handle
                0x0037f8b0        0xc C:/devkitPro/devkitARM/bin/../lib/gcc/arm-none-eabi/15.1.0/../../../../arm-none-eabi/lib/armv6k/fpu\libsysbase.a(libsysbase_libsysbase_a-handle_manager.o)
 .data.__stdout_handle
                0x0037f8bc        0xc C:/devkitPro/devkitARM/bin/../lib/gcc/arm-none-eabi/15.1.0/../../../../arm-none-eabi/lib/armv6k/fpu\libsysbase.a(libsysbase_libsysbase_a-handle_manager.o)
 .data.__stdin_handle
                0x0037f8c8        0xc C:/devkitPro/devkitARM/bin/../lib/gcc/arm-none-eabi/15.1.0/../../../../arm-none-eabi/lib/armv6k/fpu\libsysbase.a(libsysbase_libsysbase_a-handle_manager.o)
 .data.devoptab_list
                0x0037f8d4       0x8c C:/devkitPro/devkitARM/bin/../lib/gcc/arm-none-eabi/15.1.0/../../../../arm-none-eabi/lib/armv6k/fpu\libsysbase.a(libsysbase_libsysbase_a-iosupport.o)
                0x0037f8d4                devoptab_list
 .data.defaultDevice
                0x0037f960        0x4 C:/devkitPro/devkitARM/bin/../lib/gcc/arm-none-eabi/15.1.0/../../../../arm-none-eabi/lib/armv6k/fpu\libsysbase.a(libsysbase_libsysbase_a-iosupport.o)
 *(.gnu.linkonce.d*)
                0x0037f964                        . = ALIGN (0x4)

.igot.plt       0x0037f964        0x0
 .igot.plt      0x0037f964        0x0 C:/devkitPro/devkitARM/bin/../lib/gcc/arm-none-eabi/15.1.0/../../../../arm-none-eabi/lib/armv6k/fpu/3dsx_crt0.o

.got            0x0037f964        0x8
 .got           0x0037f964        0x8 C:/devkitPro/devkitARM/bin/../lib/gcc/arm-none-eabi/15.1.0/../../../../arm-none-eabi/lib/armv6k/fpu/3dsx_crt0.o

.got.plt        0x0037f96c        0xc
 .got.plt       0x0037f96c        0xc C:/devkitPro/devkitARM/bin/../lib/gcc/arm-none-eabi/15.1.0/../../../../arm-none-eabi/lib/armv6k/fpu/3dsx_crt0.o
                0x0037f96c                _GLOBAL_OFFSET_TABLE_

.tdata          0x0037f978        0x0
                0x0037f978                        __tdata_lma = .
 *(.tdata)
 *(.tdata.*)
 *(.gnu.linkonce.td.*)
                0x0037f978                        . = ALIGN (0x4)
                0x0037f978                        __tdata_lma_end = .

.tbss           0x0037f978      0xc08
 *(.tbss)
 *(.tbss.*)
 .tbss.__ctru_dev_utf16_buf
                0x0037f978      0x802 C:/devkitPro/libctru/lib\libctru.a(path_buf.o)
                0x0037f978                __ctru_dev_utf16_buf
 *fill*         0x0038017a        0x2 
 .tbss.__ctru_dev_path_buf
                0x0038017c      0x401 C:/devkitPro/libctru/lib\libctru.a(path_buf.o)
                0x0038017c                __ctru_dev_path_buf
 *(.gnu.linkonce.tb.*)
 *(.tcommon)
                0x00380580                        . = ALIGN (0x4)
 *fill*         0x0038057d        0x3 

.preinit_array  0x0037f978        0x0
                0x0037f978                        PROVIDE (__preinit_array_start = .)
 *(.preinit_array)
                0x0037f978                        PROVIDE (__preinit_array_end = .)

.init_array     0x0037f978        0x4
                0x0037f978                        PROVIDE (__init_array_start = .)
 *(SORT_BY_NAME(.init_array.*))
 *(.init_array)
 .init_array    0x0037f978        0x4 C:/devkitPro/devkitARM/bin/../lib/gcc/arm-none-eabi/15.1.0/armv6k/fpu/crtbegin.o
                0x0037f97c                        PROVIDE (__init_array_end = .)

.fini_array     0x0037f97c        0x4
                0x0037f97c                        PROVIDE (__fini_array_start = .)
 *(.fini_array)
 .fini_array    0x0037f97c        0x4 C:/devkitPro/devkitARM/bin/../lib/gcc/arm-none-eabi/15.1.0/armv6k/fpu/crtbegin.o
 *(SORT_BY_NAME(.fini_array.*))
                0x0037f980                        PROVIDE (__fini_array_end = .)

.ctors
 *crtbegin.o(.ctors)
 *(EXCLUDE_FILE(*crtend.o) .ctors)
 *(SORT_BY_NAME(.ctors.*))
 *(.ctors)

.dtors
 *crtbegin.o(.dtors)
 *(EXCLUDE_FILE(*crtend.o) .dtors)
 *(SORT_BY_NAME(.dtors.*))
 *(.dtors)
                0x0037f980                        __bss_start__ = .

.bss            0x0037f980     0x2e2c
 *(.dynbss)
 *(.bss)
 *(.bss.*)
 .bss.completed.1
                0x0037f980        0x1 C:/devkitPro/devkitARM/bin/../lib/gcc/arm-none-eabi/15.1.0/armv6k/fpu/crtbegin.o
 *fill*         0x0037f981        0x3 
 .bss.object.0  0x0037f984       0x18 C:/devkitPro/devkitARM/bin/../lib/gcc/arm-none-eabi/15.1.0/armv6k/fpu/crtbegin.o
 .bss.escapeSeq
                0x0037f99c       0x64 C:/devkitPro/libctru/lib\libctru.a(console.o)
 .bss.currentCopy
                0x0037fa00       0x48 C:/devkitPro/libctru/lib\libctru.a(console.o)
                0x0037fa00                currentCopy
 .bss.screenAlloc
                0x0037fa48        0x4 C:/devkitPro/libctru/lib\libctru.a(gfx.o)
 .bss.screenFree
                0x0037fa4c        0x4 C:/devkitPro/libctru/lib\libctru.a(gfx.o)
 .bss.gfxIsDoubleBuf
                0x0037fa50        0x2 C:/devkitPro/libctru/lib\libctru.a(gfx.o)
 *fill*         0x0037fa52        0x2 
 .bss.gfxCurBuf
                0x0037fa54        0x2 C:/devkitPro/libctru/lib\libctru.a(gfx.o)
 .bss.gfxIsVram
                0x0037fa56        0x1 C:/devkitPro/libctru/lib\libctru.a(gfx.o)
 .bss.gfxTopMode
                0x0037fa57        0x1 C:/devkitPro/libctru/lib\libctru.a(gfx.o)
 .bss.gfxFramebufferFormats
                0x0037fa58        0x2 C:/devkitPro/libctru/lib\libctru.a(gfx.o)
 *fill*         0x0037fa5a        0x2 
 .bss.gfxBottomFramebufferMaxSize
                0x0037fa5c        0x4 C:/devkitPro/libctru/lib\libctru.a(gfx.o)
 .bss.gfxTopFramebufferMaxSize
                0x0037fa60        0x4 C:/devkitPro/libctru/lib\libctru.a(gfx.o)
 *fill*         0x0037fa64        0x4 
 .bss.gfxBottomFramebuffers
                0x0037fa68        0x8 C:/devkitPro/libctru/lib\libctru.a(gfx.o)
 .bss.gfxTopFramebuffers
                0x0037fa70        0x8 C:/devkitPro/libctru/lib\libctru.a(gfx.o)
 .bss.flagValue.0
                0x0037fa78        0x1 C:/devkitPro/libctru/lib\libctru.a(apt.o)
 .bss.flagInit.1
                0x0037fa79        0x1 C:/devkitPro/libctru/lib\libctru.a(apt.o)
 *fill*         0x0037fa7a        0x2 
 .bss.serviceName.6
                0x0037fa7c        0x4 C:/devkitPro/libctru/lib\libctru.a(apt.o)
 .bss.aptChainloadFlags
                0x0037fa80        0x1 C:/devkitPro/libctru/lib\libctru.a(apt.o)
 .bss.aptChainloadMediatype
                0x0037fa81        0x1 C:/devkitPro/libctru/lib\libctru.a(apt.o)
 *fill*         0x0037fa82        0x2 
 .bss.aptChainloadHmac
                0x0037fa84       0x20 C:/devkitPro/libctru/lib\libctru.a(apt.o)
 .bss.aptChainloadDeliverArg
                0x0037faa4      0x300 C:/devkitPro/libctru/lib\libctru.a(apt.o)
 *fill*         0x0037fda4        0x4 
 .bss.aptChainloadTid
                0x0037fda8        0x8 C:/devkitPro/libctru/lib\libctru.a(apt.o)
 .bss.aptParameters
                0x0037fdb0     0x1000 C:/devkitPro/libctru/lib\libctru.a(apt.o)
 .bss.aptFlags  0x00380db0        0x4 C:/devkitPro/libctru/lib\libctru.a(apt.o)
 .bss.aptHomeButtonState
                0x00380db4        0x1 C:/devkitPro/libctru/lib\libctru.a(apt.o)
 *fill*         0x00380db5        0x3 
 .bss.aptMessageFuncData
                0x00380db8        0x4 C:/devkitPro/libctru/lib\libctru.a(apt.o)
 .bss.aptMessageFunc
                0x00380dbc        0x4 C:/devkitPro/libctru/lib\libctru.a(apt.o)
 .bss.aptFirstHook
                0x00380dc0        0xc C:/devkitPro/libctru/lib\libctru.a(apt.o)
 .bss.aptEventHandlerThreadQuit
                0x00380dcc        0x1 C:/devkitPro/libctru/lib\libctru.a(apt.o)
 *fill*         0x00380dcd        0x3 
 .bss.aptEventHandlerThread
                0x00380dd0        0x4 C:/devkitPro/libctru/lib\libctru.a(apt.o)
 .bss.aptSleepEvent
                0x00380dd4        0x8 C:/devkitPro/libctru/lib\libctru.a(apt.o)
 .bss.aptReceiveEvent
                0x00380ddc        0x8 C:/devkitPro/libctru/lib\libctru.a(apt.o)
 .bss.aptEvents
                0x00380de4        0x8 C:/devkitPro/libctru/lib\libctru.a(apt.o)
 .bss.aptLockHandle
                0x00380dec        0x4 C:/devkitPro/libctru/lib\libctru.a(apt.o)
 .bss.aptRefCount
                0x00380df0        0x4 C:/devkitPro/libctru/lib\libctru.a(apt.o)
 .bss.gspEventCbOneShot
                0x00380df4        0x7 C:/devkitPro/libctru/lib\libctru.a(gspgpu.o)
 *fill*         0x00380dfb        0x1 
 .bss.gspEventCbData
                0x00380dfc       0x1c C:/devkitPro/libctru/lib\libctru.a(gspgpu.o)
 .bss.gspEventCb
                0x00380e18       0x1c C:/devkitPro/libctru/lib\libctru.a(gspgpu.o)
 .bss.gspEvents
                0x00380e34       0x38 C:/devkitPro/libctru/lib\libctru.a(gspgpu.o)
 .bss.gspLastEvent
                0x00380e6c        0x4 C:/devkitPro/libctru/lib\libctru.a(gspgpu.o)
 .bss.gspRunEvents
                0x00380e70        0x1 C:/devkitPro/libctru/lib\libctru.a(gspgpu.o)
 *fill*         0x00380e71        0x3 
 .bss.gspEventThread
                0x00380e74        0x4 C:/devkitPro/libctru/lib\libctru.a(gspgpu.o)
 .bss.gspEvent  0x00380e78        0x4 C:/devkitPro/libctru/lib\libctru.a(gspgpu.o)
 .bss.gspGpuRight
                0x00380e7c        0x1 C:/devkitPro/libctru/lib\libctru.a(gspgpu.o)
 .bss.gspThreadId
                0x00380e7d        0x1 C:/devkitPro/libctru/lib\libctru.a(gspgpu.o)
 *fill*         0x00380e7e        0x2 
 .bss.gspSharedMem
                0x00380e80        0x4 C:/devkitPro/libctru/lib\libctru.a(gspgpu.o)
 .bss.gspSharedMemHandle
                0x00380e84        0x4 C:/devkitPro/libctru/lib\libctru.a(gspgpu.o)
 .bss.gspRefCount
                0x00380e88        0x4 C:/devkitPro/libctru/lib\libctru.a(gspgpu.o)
 .bss.gspGpuHandle
                0x00380e8c        0x4 C:/devkitPro/libctru/lib\libctru.a(gspgpu.o)
 .bss.usingIrrst
                0x00380e90        0x1 C:/devkitPro/libctru/lib\libctru.a(hid.o)
 *fill*         0x00380e91        0x3 
 .bss.hidRefCount
                0x00380e94        0x4 C:/devkitPro/libctru/lib\libctru.a(hid.o)
 .bss.gRate     0x00380e98        0x6 C:/devkitPro/libctru/lib\libctru.a(hid.o)
 *fill*         0x00380e9e        0x2 
 .bss.aVec      0x00380ea0        0x6 C:/devkitPro/libctru/lib\libctru.a(hid.o)
 *fill*         0x00380ea6        0x2 
 .bss.cPos      0x00380ea8        0x4 C:/devkitPro/libctru/lib\libctru.a(hid.o)
 .bss.tPos      0x00380eac        0x4 C:/devkitPro/libctru/lib\libctru.a(hid.o)
 .bss.kRepeat   0x00380eb0        0x4 C:/devkitPro/libctru/lib\libctru.a(hid.o)
 .bss.kUp       0x00380eb4        0x4 C:/devkitPro/libctru/lib\libctru.a(hid.o)
 .bss.kDown     0x00380eb8        0x4 C:/devkitPro/libctru/lib\libctru.a(hid.o)
 .bss.kHeld     0x00380ebc        0x4 C:/devkitPro/libctru/lib\libctru.a(hid.o)
 .bss.kOld      0x00380ec0        0x4 C:/devkitPro/libctru/lib\libctru.a(hid.o)
 .bss.hidSharedMem
                0x00380ec4        0x4 C:/devkitPro/libctru/lib\libctru.a(hid.o)
                0x00380ec4                hidSharedMem
 .bss.hidEvents
                0x00380ec8       0x14 C:/devkitPro/libctru/lib\libctru.a(hid.o)
                0x00380ec8                hidEvents
 .bss.hidMemHandle
                0x00380edc        0x4 C:/devkitPro/libctru/lib\libctru.a(hid.o)
                0x00380edc                hidMemHandle
 .bss.hidHandle
                0x00380ee0        0x4 C:/devkitPro/libctru/lib\libctru.a(hid.o)
                0x00380ee0                hidHandle
 .bss.irrstRefCount
                0x00380ee4        0x4 C:/devkitPro/libctru/lib\libctru.a(irrst.o)
 .bss.csPos     0x00380ee8        0x4 C:/devkitPro/libctru/lib\libctru.a(irrst.o)
 .bss.kHeld     0x00380eec        0x4 C:/devkitPro/libctru/lib\libctru.a(irrst.o)
 .bss.irrstSharedMem
                0x00380ef0        0x4 C:/devkitPro/libctru/lib\libctru.a(irrst.o)
                0x00380ef0                irrstSharedMem
 .bss.irrstEvent
                0x00380ef4        0x4 C:/devkitPro/libctru/lib\libctru.a(irrst.o)
                0x00380ef4                irrstEvent
 .bss.irrstMemHandle
                0x00380ef8        0x4 C:/devkitPro/libctru/lib\libctru.a(irrst.o)
                0x00380ef8                irrstMemHandle
 .bss.irrstHandle
                0x00380efc        0x4 C:/devkitPro/libctru/lib\libctru.a(irrst.o)
                0x00380efc                irrstHandle
 .bss.__system_retAddr
                0x00380f00        0x4 C:/devkitPro/libctru/lib\libctru.a(ctru_init.o)
                0x00380f00                __system_retAddr
 .bss.__system_argv
                0x00380f04        0x4 C:/devkitPro/libctru/lib\libctru.a(initArgv.o)
                0x00380f04                __system_argv
 .bss.__system_argc
                0x00380f08        0x4 C:/devkitPro/libctru/lib\libctru.a(initArgv.o)
                0x00380f08                __system_argc
 .bss.saved_stack.42
                0x00380f0c        0x8 C:/devkitPro/libctru/lib\libctru.a(stack_adjust.o)
 *fill*         0x00380f14        0x4 
 .bss._ZL11sLinearPool
                0x00380f18        0x8 C:/devkitPro/libctru/lib\libctru.a(linear.o)
 .bss._ZL8sAddrMap
                0x00380f20        0xc C:/devkitPro/libctru/lib\libctru.a(linear.o)
 *fill*         0x00380f2c        0x4 
 .bss._ZL10sVramPoolB
                0x00380f30        0x8 C:/devkitPro/libctru/lib\libctru.a(vram.o)
 .bss._ZL10sVramPoolA
                0x00380f38        0x8 C:/devkitPro/libctru/lib\libctru.a(vram.o)
 .bss._ZL8sAddrMap
                0x00380f40        0xc C:/devkitPro/libctru/lib\libctru.a(vram.o)
 .bss.__3dslink_host
                0x00380f4c        0x4 C:/devkitPro/libctru/lib\libctru.a(3dslink.o)
                0x00380f4c                __3dslink_host
 .bss.__ctru_speedup
                0x00380f50        0x1 C:/devkitPro/libctru/lib\libctru.a(os.o)
                0x00380f50                __ctru_speedup
 *fill*         0x00380f51        0x3 
 .bss.srvRefCount
                0x00380f54        0x4 C:/devkitPro/libctru/lib\libctru.a(srv.o)
 .bss.srvHandle
                0x00380f58        0x4 C:/devkitPro/libctru/lib\libctru.a(srv.o)
 .bss.arbiter   0x00380f5c        0x4 C:/devkitPro/libctru/lib\libctru.a(synchronization.o)
 .bss.currentAddr
                0x00380f60        0x4 C:/devkitPro/libctru/lib\libctru.a(mappable.o)
 .bss.maxAddr   0x00380f64        0x4 C:/devkitPro/libctru/lib\libctru.a(mappable.o)
 .bss.minAddr   0x00380f68        0x4 C:/devkitPro/libctru/lib\libctru.a(mappable.o)
 .bss.ptmSysmRefCount
                0x00380f6c        0x4 C:/devkitPro/libctru/lib\libctru.a(ptmsysm.o)
 .bss.ptmSysmHandle
                0x00380f70        0x4 C:/devkitPro/libctru/lib\libctru.a(ptmsysm.o)
 .bss.srvPmHandle
                0x00380f74        0x4 C:/devkitPro/libctru/lib\libctru.a(srvpm.o)
 .bss.__ctru_linear_heap_size
                0x00380f78        0x4 C:/devkitPro/libctru/lib\libctru.a(allocateHeaps.o)
                0x00380f78                __ctru_linear_heap_size
 .bss.__ctru_heap_size
                0x00380f7c        0x4 C:/devkitPro/libctru/lib\libctru.a(allocateHeaps.o)
                0x00380f7c                __ctru_heap_size
 .bss.__ctru_linear_heap
                0x00380f80        0x4 C:/devkitPro/libctru/lib\libctru.a(allocateHeaps.o)
                0x00380f80                __ctru_linear_heap
 .bss.__ctru_heap
                0x00380f84        0x4 C:/devkitPro/libctru/lib\libctru.a(allocateHeaps.o)
                0x00380f84                __ctru_heap
 .bss.archive_devices
                0x00380f88      0x5c0 C:/devkitPro/libctru/lib\libctru.a(archive_dev.o)
 .bss.archive_device_cwd
                0x00381548        0x4 C:/devkitPro/libctru/lib\libctru.a(archive_dev.o)
 .bss.archive_initialized
                0x0038154c        0x1 C:/devkitPro/libctru/lib\libctru.a(archive_dev.o)
 *fill*         0x0038154d        0x3 
 .bss.fsExemptArchives
                0x00381550       0x80 C:/devkitPro/libctru/lib\libctru.a(fs.o)
 .bss.fsuRefCount
                0x003815d0        0x4 C:/devkitPro/libctru/lib\libctru.a(fs.o)
 .bss.fsuHandle
                0x003815d4        0x4 C:/devkitPro/libctru/lib\libctru.a(fs.o)
 .bss.__sfp_recursive_mutex
                0x003815d8        0xc C:/devkitPro/devkitARM/bin/../lib/gcc/arm-none-eabi/15.1.0/../../../../arm-none-eabi/lib/armv6k/fpu\libg.a(libc_a-findfp.o)
 *fill*         0x003815e4        0x4 
 .bss.__sf      0x003815e8      0x168 C:/devkitPro/devkitARM/bin/../lib/gcc/arm-none-eabi/15.1.0/../../../../arm-none-eabi/lib/armv6k/fpu\libg.a(libc_a-findfp.o)
                0x003815e8                __sf
 .bss.__stdio_exit_handler
                0x00381750        0x4 C:/devkitPro/devkitARM/bin/../lib/gcc/arm-none-eabi/15.1.0/../../../../arm-none-eabi/lib/armv6k/fpu\libg.a(libc_a-findfp.o)
                0x00381750                __stdio_exit_handler
 .bss.__malloc_current_mallinfo
                0x00381754       0x28 C:/devkitPro/devkitARM/bin/../lib/gcc/arm-none-eabi/15.1.0/../../../../arm-none-eabi/lib/armv6k/fpu\libg.a(libc_a-mallocr.o)
                0x00381754                __malloc_current_mallinfo
 .bss.__malloc_max_total_mem
                0x0038177c        0x4 C:/devkitPro/devkitARM/bin/../lib/gcc/arm-none-eabi/15.1.0/../../../../arm-none-eabi/lib/armv6k/fpu\libg.a(libc_a-mallocr.o)
                0x0038177c                __malloc_max_total_mem
 .bss.__malloc_max_sbrked_mem
                0x00381780        0x4 C:/devkitPro/devkitARM/bin/../lib/gcc/arm-none-eabi/15.1.0/../../../../arm-none-eabi/lib/armv6k/fpu\libg.a(libc_a-mallocr.o)
                0x00381780                __malloc_max_sbrked_mem
 .bss.__malloc_top_pad
                0x00381784        0x4 C:/devkitPro/devkitARM/bin/../lib/gcc/arm-none-eabi/15.1.0/../../../../arm-none-eabi/lib/armv6k/fpu\libg.a(libc_a-mallocr.o)
                0x00381784                __malloc_top_pad
 .bss.__malloc_recursive_mutex